###############################################################################
#
# IAR ELF Linker V9.20.2.320/W64 for ARM                  01/Nov/2022  10:27:00
# Copyright 2007-2021 IAR Systems AB.
#
#    Output file  =
#        F:\Projects\2022\GANGES_PHASE3\Final\CODE\READ_SD_CARD(31.10.2022)\SC_31.10.2022\iar\buildoutput\Solar_Robot_Board_Test1.out
#    Map file     =
#        F:\Projects\2022\GANGES_PHASE3\Final\CODE\READ_SD_CARD(31.10.2022)\SC_31.10.2022\iar\release\list\Solar_Robot_Board_Test1.map
#    Command line =
#        -f
#        "F:\Projects\2022\GANGES_PHASE3\Final\CODE\READ_SD_CARD(31.10.2022)\SC_31.10.2022\iar\buildoutput\Solar_Robot_Board_Test1.out.rsp"
#        ("F:\Projects\2022\GANGES_PHASE3\Final\CODE\READ_SD_CARD(31.10.2022)\SC_31.10.2022\iar\release\obj\source\ADC\adc.o"
#        "F:\Projects\2022\GANGES_PHASE3\Final\CODE\READ_SD_CARD(31.10.2022)\SC_31.10.2022\iar\release\obj\source\API
#        Processing\APIProcessing.o"
#        "F:\Projects\2022\GANGES_PHASE3\Final\CODE\READ_SD_CARD(31.10.2022)\SC_31.10.2022\iar\release\obj\source\RobotOperation\AutoSchedule\AutoSchedule.o"
#        "F:\Projects\2022\GANGES_PHASE3\Final\CODE\READ_SD_CARD(31.10.2022)\SC_31.10.2022\iar\release\obj\source\LTC4015\bat_i2c.o"
#        "F:\Projects\2022\GANGES_PHASE3\Final\CODE\READ_SD_CARD(31.10.2022)\SC_31.10.2022\iar\release\obj\board\board.o"
#        "F:\Projects\2022\GANGES_PHASE3\Final\CODE\READ_SD_CARD(31.10.2022)\SC_31.10.2022\iar\release\obj\source\RobotControl\BrushControl\BrushControl.o"
#        "F:\Projects\2022\GANGES_PHASE3\Final\CODE\READ_SD_CARD(31.10.2022)\SC_31.10.2022\iar\release\obj\source\MotorControl\BrushMotor\BrushMotorControl.o"
#        "F:\Projects\2022\GANGES_PHASE3\Final\CODE\READ_SD_CARD(31.10.2022)\SC_31.10.2022\iar\release\obj\source\MotorControl\BrushMotor\BrushMotorControl_hal.o"
#        "F:\Projects\2022\GANGES_PHASE3\Final\CODE\READ_SD_CARD(31.10.2022)\SC_31.10.2022\iar\release\obj\source\MotorControl\BrushMotor\BrushPwm\BrushPwm.o"
#        "F:\Projects\2022\GANGES_PHASE3\Final\CODE\READ_SD_CARD(31.10.2022)\SC_31.10.2022\iar\release\obj\board\clock_config.o"
#        "F:\Projects\2022\GANGES_PHASE3\Final\CODE\READ_SD_CARD(31.10.2022)\SC_31.10.2022\iar\release\obj\source\Communication\CommCommon.o"
#        "F:\Projects\2022\GANGES_PHASE3\Final\CODE\READ_SD_CARD(31.10.2022)\SC_31.10.2022\iar\release\obj\source\Communication\ConfigUart\ConfigUart
#        API Process\ConfigAPIProcess.o"
#        "F:\Projects\2022\GANGES_PHASE3\Final\CODE\READ_SD_CARD(31.10.2022)\SC_31.10.2022\iar\release\obj\source\Communication\ConfigUart\ConfigUart.o"
#        "F:\Projects\2022\GANGES_PHASE3\Final\CODE\READ_SD_CARD(31.10.2022)\SC_31.10.2022\iar\release\obj\source\RobotOperation\CycleMode\CycleMode.o"
#        "F:\Projects\2022\GANGES_PHASE3\Final\CODE\READ_SD_CARD(31.10.2022)\SC_31.10.2022\iar\release\obj\source\Communication\DebugUart\DebugUart.o"
#        "F:\Projects\2022\GANGES_PHASE3\Final\CODE\READ_SD_CARD(31.10.2022)\SC_31.10.2022\iar\release\obj\source\DefaultValues\DefaultValues.o"
#        "F:\Projects\2022\GANGES_PHASE3\Final\CODE\READ_SD_CARD(31.10.2022)\SC_31.10.2022\iar\release\obj\source\DELAY\delay.o"
#        "F:\Projects\2022\GANGES_PHASE3\Final\CODE\READ_SD_CARD(31.10.2022)\SC_31.10.2022\iar\release\obj\source\SDFAT\diskio.o"
#        "F:\Projects\2022\GANGES_PHASE3\Final\CODE\READ_SD_CARD(31.10.2022)\SC_31.10.2022\iar\release\obj\source\EdgeSensor\EdgeSense1.o"
#        "F:\Projects\2022\GANGES_PHASE3\Final\CODE\READ_SD_CARD(31.10.2022)\SC_31.10.2022\iar\release\obj\source\EdgeSensor\EdgeSense2.o"
#        "F:\Projects\2022\GANGES_PHASE3\Final\CODE\READ_SD_CARD(31.10.2022)\SC_31.10.2022\iar\release\obj\source\EdgeSensor\EdgeSenseCommon.o"
#        "F:\Projects\2022\GANGES_PHASE3\Final\CODE\READ_SD_CARD(31.10.2022)\SC_31.10.2022\iar\release\obj\source\EEPROM\eeprom.o"
#        "F:\Projects\2022\GANGES_PHASE3\Final\CODE\READ_SD_CARD(31.10.2022)\SC_31.10.2022\iar\release\obj\source\EEPROM\EepromMain.o"
#        "F:\Projects\2022\GANGES_PHASE3\Final\CODE\READ_SD_CARD(31.10.2022)\SC_31.10.2022\iar\release\obj\source\EEPROM\eepromStdtoHalDriver.o"
#        "F:\Projects\2022\GANGES_PHASE3\Final\CODE\READ_SD_CARD(31.10.2022)\SC_31.10.2022\iar\release\obj\source\EEPROM\eepromStore.o"
#        "F:\Projects\2022\GANGES_PHASE3\Final\CODE\READ_SD_CARD(31.10.2022)\SC_31.10.2022\iar\release\obj\source\EventLogger\EventLogger.o"
#        "F:\Projects\2022\GANGES_PHASE3\Final\CODE\READ_SD_CARD(31.10.2022)\SC_31.10.2022\iar\release\obj\source\EventLogger\EventLoggerFlash.o"
#        "F:\Projects\2022\GANGES_PHASE3\Final\CODE\READ_SD_CARD(31.10.2022)\SC_31.10.2022\iar\release\obj\source\RobotOperation\FaultProcess\FaultProcess.o"
#        "F:\Projects\2022\GANGES_PHASE3\Final\CODE\READ_SD_CARD(31.10.2022)\SC_31.10.2022\iar\release\obj\source\SDFAT\ff.o"
#        "F:\Projects\2022\GANGES_PHASE3\Final\CODE\READ_SD_CARD(31.10.2022)\SC_31.10.2022\iar\release\obj\drivers\fsl_adc16.o"
#        "F:\Projects\2022\GANGES_PHASE3\Final\CODE\READ_SD_CARD(31.10.2022)\SC_31.10.2022\iar\release\obj\utilities\fsl_assert.o"
#        "F:\Projects\2022\GANGES_PHASE3\Final\CODE\READ_SD_CARD(31.10.2022)\SC_31.10.2022\iar\release\obj\drivers\fsl_clock.o"
#        "F:\Projects\2022\GANGES_PHASE3\Final\CODE\READ_SD_CARD(31.10.2022)\SC_31.10.2022\iar\release\obj\drivers\fsl_common.o"
#        "F:\Projects\2022\GANGES_PHASE3\Final\CODE\READ_SD_CARD(31.10.2022)\SC_31.10.2022\iar\release\obj\utilities\fsl_debug_console.o"
#        "F:\Projects\2022\GANGES_PHASE3\Final\CODE\READ_SD_CARD(31.10.2022)\SC_31.10.2022\iar\release\obj\drivers\fsl_dspi.o"
#        "F:\Projects\2022\GANGES_PHASE3\Final\CODE\READ_SD_CARD(31.10.2022)\SC_31.10.2022\iar\release\obj\drivers\fsl_flash.o"
#        "F:\Projects\2022\GANGES_PHASE3\Final\CODE\READ_SD_CARD(31.10.2022)\SC_31.10.2022\iar\release\obj\drivers\fsl_ftm.o"
#        "F:\Projects\2022\GANGES_PHASE3\Final\CODE\READ_SD_CARD(31.10.2022)\SC_31.10.2022\iar\release\obj\drivers\fsl_gpio.o"
#        "F:\Projects\2022\GANGES_PHASE3\Final\CODE\READ_SD_CARD(31.10.2022)\SC_31.10.2022\iar\release\obj\drivers\fsl_i2c.o"
#        "F:\Projects\2022\GANGES_PHASE3\Final\CODE\READ_SD_CARD(31.10.2022)\SC_31.10.2022\iar\release\obj\utilities\fsl_io.o"
#        "F:\Projects\2022\GANGES_PHASE3\Final\CODE\READ_SD_CARD(31.10.2022)\SC_31.10.2022\iar\release\obj\utilities\fsl_log.o"
#        "F:\Projects\2022\GANGES_PHASE3\Final\CODE\READ_SD_CARD(31.10.2022)\SC_31.10.2022\iar\release\obj\drivers\fsl_lptmr.o"
#        "F:\Projects\2022\GANGES_PHASE3\Final\CODE\READ_SD_CARD(31.10.2022)\SC_31.10.2022\iar\release\obj\drivers\fsl_rcm.o"
#        "F:\Projects\2022\GANGES_PHASE3\Final\CODE\READ_SD_CARD(31.10.2022)\SC_31.10.2022\iar\release\obj\drivers\fsl_rtc.o"
#        "F:\Projects\2022\GANGES_PHASE3\Final\CODE\READ_SD_CARD(31.10.2022)\SC_31.10.2022\iar\release\obj\drivers\fsl_smc.o"
#        "F:\Projects\2022\GANGES_PHASE3\Final\CODE\READ_SD_CARD(31.10.2022)\SC_31.10.2022\iar\release\obj\utilities\fsl_str.o"
#        "F:\Projects\2022\GANGES_PHASE3\Final\CODE\READ_SD_CARD(31.10.2022)\SC_31.10.2022\iar\release\obj\drivers\fsl_uart.o"
#        "F:\Projects\2022\GANGES_PHASE3\Final\CODE\READ_SD_CARD(31.10.2022)\SC_31.10.2022\iar\release\obj\drivers\fsl_vref.o"
#        "F:\Projects\2022\GANGES_PHASE3\Final\CODE\READ_SD_CARD(31.10.2022)\SC_31.10.2022\iar\release\obj\drivers\fsl_wdog.o"
#        "F:\Projects\2022\GANGES_PHASE3\Final\CODE\READ_SD_CARD(31.10.2022)\SC_31.10.2022\iar\release\obj\source\Communication\ConfigUart\ConfigUart
#        API Process\JSON Parser\fun_json.o"
#        "F:\Projects\2022\GANGES_PHASE3\Final\CODE\READ_SD_CARD(31.10.2022)\SC_31.10.2022\iar\release\obj\source\I2C\i2c_init.o"
#        "F:\Projects\2022\GANGES_PHASE3\Final\CODE\READ_SD_CARD(31.10.2022)\SC_31.10.2022\iar\release\obj\source\Communication\ConfigUart\ConfigUart
#        API Process\JSON Parser\json.o"
#        "F:\Projects\2022\GANGES_PHASE3\Final\CODE\READ_SD_CARD(31.10.2022)\SC_31.10.2022\iar\release\obj\source\LED\LED1\Led1.o"
#        "F:\Projects\2022\GANGES_PHASE3\Final\CODE\READ_SD_CARD(31.10.2022)\SC_31.10.2022\iar\release\obj\source\LED\LED2\Led2.o"
#        "F:\Projects\2022\GANGES_PHASE3\Final\CODE\READ_SD_CARD(31.10.2022)\SC_31.10.2022\iar\release\obj\source\LED\LED3\Led3.o"
#        "F:\Projects\2022\GANGES_PHASE3\Final\CODE\READ_SD_CARD(31.10.2022)\SC_31.10.2022\iar\release\obj\source\LED\LedCommon.o"
#        "F:\Projects\2022\GANGES_PHASE3\Final\CODE\READ_SD_CARD(31.10.2022)\SC_31.10.2022\iar\release\obj\source\OTHER\LPTimer\LPTimer.o"
#        "F:\Projects\2022\GANGES_PHASE3\Final\CODE\READ_SD_CARD(31.10.2022)\SC_31.10.2022\iar\release\obj\source\LTC4015\LTC4015.o"
#        "F:\Projects\2022\GANGES_PHASE3\Final\CODE\READ_SD_CARD(31.10.2022)\SC_31.10.2022\iar\release\obj\source\LTC4015\LTC4015_main.o"
#        "F:\Projects\2022\GANGES_PHASE3\Final\CODE\READ_SD_CARD(31.10.2022)\SC_31.10.2022\iar\release\obj\source\RobotOperation\FaultProcess\OverCurrentFault\Mot1CurrentFault.o"
#        "F:\Projects\2022\GANGES_PHASE3\Final\CODE\READ_SD_CARD(31.10.2022)\SC_31.10.2022\iar\release\obj\source\RobotOperation\FaultProcess\OverCurrentFault\Mot2CurrentFault.o"
#        "F:\Projects\2022\GANGES_PHASE3\Final\CODE\READ_SD_CARD(31.10.2022)\SC_31.10.2022\iar\release\obj\source\RobotOperation\FaultProcess\OverCurrentFault\Mot3CurrentFault.o"
#        "F:\Projects\2022\GANGES_PHASE3\Final\CODE\READ_SD_CARD(31.10.2022)\SC_31.10.2022\iar\release\obj\source\RobotOperation\FaultProcess\OverCurrentFault\MotCurrentFaultCommon.o"
#        "F:\Projects\2022\GANGES_PHASE3\Final\CODE\READ_SD_CARD(31.10.2022)\SC_31.10.2022\iar\release\obj\source\MotorControl\Motor1\Motor1Control.o"
#        "F:\Projects\2022\GANGES_PHASE3\Final\CODE\READ_SD_CARD(31.10.2022)\SC_31.10.2022\iar\release\obj\source\MotorControl\Motor1\Motor1Control_hal.o"
#        "F:\Projects\2022\GANGES_PHASE3\Final\CODE\READ_SD_CARD(31.10.2022)\SC_31.10.2022\iar\release\obj\source\MotorControl\Motor2\Motor2Control.o"
#        "F:\Projects\2022\GANGES_PHASE3\Final\CODE\READ_SD_CARD(31.10.2022)\SC_31.10.2022\iar\release\obj\source\MotorControl\Motor2\Motor2Control_hal.o"
#        "F:\Projects\2022\GANGES_PHASE3\Final\CODE\READ_SD_CARD(31.10.2022)\SC_31.10.2022\iar\release\obj\source\OTHER\NumStrConversion.o"
#        "F:\Projects\2022\GANGES_PHASE3\Final\CODE\READ_SD_CARD(31.10.2022)\SC_31.10.2022\iar\release\obj\board\pin_mux.o"
#        "F:\Projects\2022\GANGES_PHASE3\Final\CODE\READ_SD_CARD(31.10.2022)\SC_31.10.2022\iar\release\obj\source\PortInterrupt\PortInterrupt.o"
#        "F:\Projects\2022\GANGES_PHASE3\Final\CODE\READ_SD_CARD(31.10.2022)\SC_31.10.2022\iar\release\obj\source\MotorControl\Motor1\Pwm1\Pwm1.o"
#        "F:\Projects\2022\GANGES_PHASE3\Final\CODE\READ_SD_CARD(31.10.2022)\SC_31.10.2022\iar\release\obj\source\MotorControl\Motor2\Pwm2\Pwm2.o"
#        "F:\Projects\2022\GANGES_PHASE3\Final\CODE\READ_SD_CARD(31.10.2022)\SC_31.10.2022\iar\release\obj\source\SPI\PwmDriveSpi.o"
#        "F:\Projects\2022\GANGES_PHASE3\Final\CODE\READ_SD_CARD(31.10.2022)\SC_31.10.2022\iar\release\obj\source\Relay\Relay.o"
#        "F:\Projects\2022\GANGES_PHASE3\Final\CODE\READ_SD_CARD(31.10.2022)\SC_31.10.2022\iar\release\obj\source\RobotControl\RobotControl.o"
#        "F:\Projects\2022\GANGES_PHASE3\Final\CODE\READ_SD_CARD(31.10.2022)\SC_31.10.2022\iar\release\obj\source\RobotMain.o"
#        "F:\Projects\2022\GANGES_PHASE3\Final\CODE\READ_SD_CARD(31.10.2022)\SC_31.10.2022\iar\release\obj\source\RobotOperation\RobotOperation.o"
#        "F:\Projects\2022\GANGES_PHASE3\Final\CODE\READ_SD_CARD(31.10.2022)\SC_31.10.2022\iar\release\obj\source\RotateSense\RotateSense1.o"
#        "F:\Projects\2022\GANGES_PHASE3\Final\CODE\READ_SD_CARD(31.10.2022)\SC_31.10.2022\iar\release\obj\source\RotateSense\RotateSense2.o"
#        "F:\Projects\2022\GANGES_PHASE3\Final\CODE\READ_SD_CARD(31.10.2022)\SC_31.10.2022\iar\release\obj\source\RotateSense\RotateSenseCommon.o"
#        "F:\Projects\2022\GANGES_PHASE3\Final\CODE\READ_SD_CARD(31.10.2022)\SC_31.10.2022\iar\release\obj\source\RTC\Rtc.o"
#        "F:\Projects\2022\GANGES_PHASE3\Final\CODE\READ_SD_CARD(31.10.2022)\SC_31.10.2022\iar\release\obj\source\SDFAT\SDcardoperation.o"
#        "F:\Projects\2022\GANGES_PHASE3\Final\CODE\READ_SD_CARD(31.10.2022)\SC_31.10.2022\iar\release\obj\source\DEBUG\serial_debug.o"
#        "F:\Projects\2022\GANGES_PHASE3\Final\CODE\READ_SD_CARD(31.10.2022)\SC_31.10.2022\iar\release\obj\source\SPI\spi.o"
#        "F:\Projects\2022\GANGES_PHASE3\Final\CODE\READ_SD_CARD(31.10.2022)\SC_31.10.2022\iar\release\obj\startup\startup_MK22FA12.o"
#        "F:\Projects\2022\GANGES_PHASE3\Final\CODE\READ_SD_CARD(31.10.2022)\SC_31.10.2022\iar\release\obj\source\LTC4015\store_soc.o"
#        "F:\Projects\2022\GANGES_PHASE3\Final\CODE\READ_SD_CARD(31.10.2022)\SC_31.10.2022\iar\release\obj\source\SWITCH\switch.o"
#        "F:\Projects\2022\GANGES_PHASE3\Final\CODE\READ_SD_CARD(31.10.2022)\SC_31.10.2022\iar\release\obj\startup\system_MK22FA12.o"
#        "F:\Projects\2022\GANGES_PHASE3\Final\CODE\READ_SD_CARD(31.10.2022)\SC_31.10.2022\iar\release\obj\source\TEMP
#        SENSOR\temp_sensors.o"
#        "F:\Projects\2022\GANGES_PHASE3\Final\CODE\READ_SD_CARD(31.10.2022)\SC_31.10.2022\iar\release\obj\source\TempVariables.o"
#        "F:\Projects\2022\GANGES_PHASE3\Final\CODE\READ_SD_CARD(31.10.2022)\SC_31.10.2022\iar\release\obj\source\EEPROM\usr_flash.o"
#        "F:\Projects\2022\GANGES_PHASE3\Final\CODE\READ_SD_CARD(31.10.2022)\SC_31.10.2022\iar\release\obj\source\API
#        Processing\ValuesValidate.o"
#        "F:\Projects\2022\GANGES_PHASE3\Final\CODE\READ_SD_CARD(31.10.2022)\SC_31.10.2022\iar\release\obj\source\OTHER\VBatREG\VBatReg.o"
#        "F:\Projects\2022\GANGES_PHASE3\Final\CODE\READ_SD_CARD(31.10.2022)\SC_31.10.2022\iar\release\obj\source\OTHER\WDTimer\WDTimer.o"
#        "F:\Projects\2022\GANGES_PHASE3\Final\CODE\READ_SD_CARD(31.10.2022)\SC_31.10.2022\ZigbeeAPILibrary\XbeeZigbeeAPI.a"
#        "F:\Projects\2022\GANGES_PHASE3\Final\CODE\READ_SD_CARD(31.10.2022)\SC_31.10.2022\iar\release\obj\source\Communication\ZigbeeAPIMode\ZigbeeAPIMode.o"
#        "F:\Projects\2022\GANGES_PHASE3\Final\CODE\READ_SD_CARD(31.10.2022)\SC_31.10.2022\iar\release\obj\source\Communication\ZigbeeUart\ZigbeeUart.o"
#        --redirect _Printf=_PrintfSmallNoMb --redirect _Scanf=_ScanfSmallNoMb
#        --no_out_extension -o
#        "F:\Projects\2022\GANGES_PHASE3\Final\CODE\READ_SD_CARD(31.10.2022)\SC_31.10.2022\iar\buildoutput\Solar_Robot_Board_Test1.out"
#        --map
#        "F:\Projects\2022\GANGES_PHASE3\Final\CODE\READ_SD_CARD(31.10.2022)\SC_31.10.2022\iar\release\list\Solar_Robot_Board_Test1.map"
#        --config "C:\Program Files\IAR Systems\Embedded Workbench
#        9.0\arm\config\linker\NXP\MK22xN1M_12.icf" --entry __iar_program_start
#        --inline --vfe --text_out locale)
#
###############################################################################

*******************************************************************************
*** RUNTIME MODEL ATTRIBUTES
***

CppFlavor                     = *
__CPP_Exceptions              = Disabled
__CPP_Language                = C++14
__CPP_Library                 = *
__CPP_Runtime                 = 1
__Heap_Handler                = DLMalloc
__SystemLibrary               = DLib
__dlib_dynamic_initialization = normal
__dlib_version                = 6


*******************************************************************************
*** HEAP SELECTION
***

The advanced heap was selected because the application calls memory
allocation functions outside of system library functions, and there
are calls to deallocation functions in the application.


*******************************************************************************
*** PLACEMENT SUMMARY
***

"A0":  place at address 0x0 { ro section .intvec };
"P1":  place in [from 0x400 to 0x40f] { section FlashConfig };
"P2":  place in [from 0x0 to 0x3ff] |
                [from 0x410 to 0xf'ffff] { ro };
define block CSTACK with size = 8K, alignment = 8 { };
define block HEAP with size = 16K, alignment = 8 { };
"P3":  place in [from 0x1fff'0000 to 0x1fff'ffff repeat 2] {
          rw, block CSTACK, block HEAP };
initialize by copy { rw };

  Section                Kind         Address      Size  Object
  -------                ----         -------      ----  ------
"A0":                                             0x400
  .intvec                ro code          0x0     0x400  startup_MK22FA12.o [50]
                                      - 0x400     0x400

"P1":                                              0x10
  FlashConfig            ro code        0x400      0x10  startup_MK22FA12.o [50]
                                      - 0x410      0x10

"P2":                                          0x1'edd6
  .text                  ro code        0x410    0x6cb8  APIProcessing.o [5]
  .text                  ro code       0x70c8      0x62  serial_debug.o [13]
  .text                  ro code       0x712a      0x1a  xsnprout.o [53]
  .text                  ro code       0x7144     0x46c  RobotOperation.o [40]
  .text                  ro code       0x75b0     0x330  NumStrConversion.o [31]
  .text                  ro code       0x78e0      0x90  iar_Stolx.o [53]
  .text                  ro code       0x7970     0x170  ValuesValidate.o [5]
  .text                  ro code       0x7ae0      0xd8  MotCurrentFaultCommon.o [44]
  .text                  ro code       0x7bb8    0x16ec  eepromStore.o [16]
  .text                  ro code       0x92a4     0x194  CycleMode.o [42]
  .text                  ro code       0x9438     0x698  FaultProcess.o [43]
  .text                  ro code       0x9ad0      0xa6  ABImemcpy.o [56]
  .rodata                const         0x9b76       0x2  xlocale_c.o [53]
  .text                  ro code       0x9b78      0x44  snprintf.o [53]
  .text                  ro code       0x9bbc     0x4b0  BrushControl.o [39]
  .text                  ro code       0xa06c      0xd6  BrushMotorControl_hal.o [25]
  .rodata                const         0xa142       0x2  xlocale_c.o [53]
  .text                  ro code       0xa144      0xdc  AutoSchedule.o [41]
  .text                  ro code       0xa220      0x72  EdgeSenseCommon.o [17]
  .text                  ro code       0xa292       0x2  startup_MK22FA12.o [50]
  .text                  ro code       0xa294      0x6a  RotateSenseCommon.o [45]
  .text                  ro code       0xa2fe       0x2  startup_MK22FA12.o [50]
  .text                  ro code       0xa300     0x14c  iar_Stoulx.o [53]
  .text                  ro code       0xa44c     0x334  Rtc.o [36]
  .text                  ro code       0xa780     0x388  DefaultValues.o [15]
  .text                  ro code       0xab08      0x36  strlen.o [56]
  .text                  ro code       0xab3e       0x2  startup_MK22FA12.o [50]
  .text                  ro code       0xab40     0x274  strto32.o [55]
  .text                  ro code       0xadb4     0x118  CommCommon.o [6]
  .text                  ro code       0xaecc     0xf28  RobotControl.o [38]
  .text                  ro code       0xbdf4      0x1e  math_wrappers64.o [55]
  .text                  ro code       0xbe12       0x2  startup_MK22FA12.o [50]
  .text                  ro code       0xbe14      0x68  DblToFlt.o [55]
  .text                  ro code       0xbe7c     0x60c  ZigbeeAPIMode.o [11]
  .text                  ro code       0xc488     0xacc  LTC4015_main.o [24]
  .text                  ro code       0xcf54      0x1e  strcat.o [53]
  .text                  ro code       0xcf72       0x2  startup_MK22FA12.o [50]
  .text                  ro code       0xcf74      0xba  EdgeSense2.o [17]
  .text                  ro code       0xd02e       0x2  startup_MK22FA12.o [50]
  .text                  ro code       0xd030      0xba  EdgeSense1.o [17]
  .text                  ro code       0xd0ea       0x2  startup_MK22FA12.o [50]
  .text                  ro code       0xd0ec      0xfe  RotateSense2.o [45]
  .text                  ro code       0xd1ea       0x2  startup_MK22FA12.o [50]
  .text                  ro code       0xd1ec     0x11e  RotateSense1.o [45]
  .text                  ro code       0xd30a       0x2  startup_MK22FA12.o [50]
  .text                  ro code       0xd30c      0x46  switch.o [48]
  .rodata                const         0xd352       0x1  xlocale_c.o [53]
  .text                  ro code       0xd354     0x40c  adc.o [4]
  .text                  ro code       0xd760       0x6  ABImemclr4.o [56]
  .text                  ro code       0xd768      0x14  temp_sensors.o [49]
  .text                  ro code       0xd77c     0x1b8  EventLogger.o [18]
  .text                  ro code       0xd934     0x2c8  ConfigAPIProcess.o [8]
  .text                  ro code       0xdbfc     0x1b2  iar_Stoullx.o [53]
  .text                  ro code       0xddb0       0x6  ABImemclr.o [56]
  .text                  ro code       0xddb8     0xbb8  SDcardoperation.o [46]
  .text                  ro code       0xe970    0x11a8  ff.o [46]
  .text                  ro code       0xfb18      0x36  DblToS32.o [55]
  .text                  ro code       0xfb4e      0x2c  strstr.o [53]
  .text                  ro code       0xfb7c      0x70  strncpy.o [56]
  .text                  ro code       0xfbec      0x12  strcmp.o [56]
  .text                  ro code       0xfc00     0x424  RobotMain.o [3]
  .text                  ro code     0x1'0024      0x1c  U32ToDbl.o [55]
  .text                  ro code     0x1'0040     0x1aa  DblMul.o [55]
  .text                  ro code     0x1'01ec      0x28  printf.o [53]
  .text                  ro code     0x1'0214     0x1d0  DebugUart.o [10]
  .text                  ro code     0x1'03e4     0x132  Relay.o [37]
  .text                  ro code     0x1'0518      0x66  ABImemset.o [56]
  .text                  ro code     0x1'0580      0x22  S32ToDbl.o [55]
  .text                  ro code     0x1'05a4      0x48  FltToDbl.o [55]
  .text                  ro code     0x1'05ec      0x14  isspace.o [53]
  .text                  ro code     0x1'0600     0x124  Mot1CurrentFault.o [44]
  .text                  ro code     0x1'0724     0x120  Mot2CurrentFault.o [44]
  .text                  ro code     0x1'0844     0x120  Mot3CurrentFault.o [44]
  .text                  ro code     0x1'0964     0x1e8  EepromMain.o [16]
  .text                  ro code     0x1'0b4c     0x501  xprintfsmall_nomb.o [53]
  .text                  ro code     0x1'1050     0x130  BrushMotorControl.o [25]
  .text                  ro code     0x1'1180     0x18c  BrushPwm.o [26]
  .text                  ro code     0x1'130c      0xc4  fsl_gpio.o [2]
  .text                  ro code     0x1'13d0      0x14  tolower.o [53]
  .text                  ro code     0x1'13e4      0x58  memchr.o [56]
  .text                  ro code     0x1'143c     0x3a8  fsl_rtc.o [2]
  .text                  ro code     0x1'17e4      0x10  VBatReg.o [33]
  .text                  ro code     0x1'17f4      0xd6  Motor1Control_hal.o [27]
  .text                  ro code     0x1'18cc      0xea  Motor2Control_hal.o [29]
  .text                  ro code     0x1'19b8      0x48  frexpf.o [55]
  .text                  ro code     0x1'1a00      0xc4  ldexpf.o [55]
  .text                  ro code     0x1'1ac4     0x122  iar_Stopfx.o [53]
  .text                  ro code     0x1'1be8     0x1b8  iar_Stoflt.o [53]
  .text                  ro code     0x1'1da0     0x208  iar_Stoxflt.o [53]
  .text                  ro code     0x1'1fa8     0x228  ConfigUart.o [7]
  .text                  ro code     0x1'21d0     0x140  Motor1Control.o [27]
  .text                  ro code     0x1'2310     0x140  Motor2Control.o [29]
  .text                  ro code     0x1'2450     0x35c  strto64.o [55]
  .text                  ro code     0x1'27ac     0x644  pow64.o [55]
  .text                  ro code     0x1'2df0     0x2d8  ZigbeeAPI.o [52]
  .text                  ro code     0x1'30c8     0x266  ZigbeeUart.o [12]
  .text                  ro code     0x1'3330     0x2c2  bat_i2c.o [24]
  .text                  ro code     0x1'35f4      0xcc  LTC4015.o [24]
  .text                  ro code     0x1'36c0      0x40  delay.o [14]
  .text                  ro code     0x1'3700     0x100  store_soc.o [24]
  .text                  ro code     0x1'3800      0x84  PortInterrupt.o [35]
  .text                  ro code     0x1'3884     0x246  DblDiv.o [55]
  .text                  ro code     0x1'3acc      0x18  fsl_assert.o [51]
  .text                  ro code     0x1'3ae4      0xbc  fsl_vref.o [2]
  .text                  ro code     0x1'3ba0     0x24c  fsl_adc16.o [2]
  .text                  ro code     0x1'3dec     0x230  I64DivMod.o [56]
  .text                  ro code     0x1'401c      0x48  U64ToFlt.o [55]
  .text                  ro code     0x1'4064     0x25e  DblAddSub.o [55]
  .text                  ro code     0x1'42c4      0x32  ABImemset48.o [56]
  .text                  ro code     0x1'42f8     0x374  EventLoggerFlash.o [18]
  .text                  ro code     0x1'466c     0x220  json.o [9]
  .text                  ro code     0x1'488c     0x146  spi.o [47]
  .text                  ro code     0x1'49d4      0x18  strcpy.o [56]
  .text                  ro code     0x1'49ec      0xa4  WDTimer.o [34]
  .text                  ro code     0x1'4a90     0x688  diskio.o [46]
  .text                  ro code     0x1'5118      0x16  strchr.o [56]
  .text                  ro code     0x1'5130     0x222  pin_mux.o [1]
  .text                  ro code     0x1'5354      0x7c  clock_config.o [1]
  .text                  ro code     0x1'53d0      0x36  LedCommon.o [20]
  .text                  ro code     0x1'5408      0xec  LPTimer.o [32]
  .text                  ro code     0x1'54f4     0x150  i2c_init.o [19]
  .text                  ro code     0x1'5644     0x1de  Led3.o [23]
  .text                  ro code     0x1'5824     0x42c  fsl_uart.o [2]
  .text                  ro code     0x1'5c50     0x5a0  fsl_clock.o [2]
  .text                  ro code     0x1'61f0      0x4c  xlocale_c.o [53]
  .text                  ro code     0x1'623c      0x40  eepromStdtoHalDriver.o [16]
  .text                  ro code     0x1'627c     0x35c  eeprom.o [16]
  .text                  ro code     0x1'65d8      0x40  xfail_s.o [53]
  .text                  ro code     0x1'6618     0x570  fsl_ftm.o [2]
  .text                  ro code     0x1'6b88      0x62  round.o [55]
  .text                  ro code     0x1'6bec     0x180  Pwm1.o [28]
  .text                  ro code     0x1'6d6c     0x17c  Pwm2.o [30]
  .text                  ro code     0x1'6ee8      0x14  isalpha.o [53]
  .text                  ro code     0x1'6efc      0x70  frexp.o [55]
  .text                  ro code     0x1'6f6c     0x13a  ldexp.o [55]
  .text                  ro code     0x1'70a8      0x20  DblCmpEq.o [55]
  .text                  ro code     0x1'70c8      0x34  DblCmpLe.o [55]
  .text                  ro code     0x1'70fc      0x34  DblCmpGe.o [55]
  .text                  ro code     0x1'7130     0x2d4  iar_Exp64.o [55]
  .text                  ro code     0x1'7404     0x47c  XBeeZB.o [52]
  .text                  ro code     0x1'7880       0xa  cxxabi.o [54]
  .text                  ro code     0x1'788c     0x910  XBee.o [52]
  .text                  ro code     0x1'819c      0x26  RemoteXBee.o [52]
  .text                  ro code     0x1'81c4      0x4e  DigiLogger.o [52]
  .text                  ro code     0x1'8214      0x8c  ZigbeeAPIHAL.o [52]
  .text                  ro code     0x1'82a0      0x64  Timer.o [52]
  .text                  ro code     0x1'8304      0x24  newop_0.o [54]
  .text                  ro code     0x1'8328      0x2e  DigiLoggerSerial.o [52]
  .text                  ro code     0x1'8358      0xc8  RadioConfig.o [52]
  .text                  ro code     0x1'8420     0x61c  fsl_i2c.o [2]
  .text                  ro code     0x1'8a3c      0x8a  fsl_debug_console.o [51]
  .text                  ro code     0x1'8ac8       0x2  I64DivZer.o [56]
  .text                  ro code     0x1'8acc     0x2bc  usr_flash.o [16]
  .text                  ro code     0x1'8d88     0x364  fun_json.o [9]
  .text                  ro code     0x1'90ec      0x28  strncmp.o [53]
  .text                  ro code     0x1'9114      0xe4  fsl_wdog.o [2]
  .text                  ro code     0x1'91f8     0x1b6  Led1.o [21]
  .text                  ro code     0x1'93b0     0x1c2  Led2.o [22]
  .text                  ro code     0x1'9574      0xdc  fsl_lptmr.o [2]
  .text                  ro code     0x1'9650       0x6  abort.o [53]
  .text                  ro code     0x1'9658     0x18e  AtCommands.o [52]
  .text                  ro code     0x1'97e6      0x48  Utils.o [52]
  .text                  ro code     0x1'982e      0x6a  ZigbeeFrames.o [52]
  .text                  ro code     0x1'9898     0x11c  ApiFrame.o [52]
  .text                  ro code     0x1'99b4      0x8a  FH_RxPacketZB.o [52]
  .text                  ro code     0x1'9a40       0x6  FH_IoDataSampleZB.o [52]
  .text                  ro code     0x1'9a48      0xa0  cppinit.o [53]
  .text                  ro code     0x1'9ae8     0x1ac  FrameBuffer.o [52]
  .text                  ro code     0x1'9c94       0xe  RawSerial.o [52]
  .text                  ro code     0x1'9ca4      0x3c  vsnprint.o [53]
  .text                  ro code     0x1'9ce0       0x4  nomemory.o [54]
  .text                  ro code     0x1'9ce4    0x14d4  dlmalloc.o [53]
  .text                  ro code     0x1'b1b8      0x16  ZigbeeApi_serial_debug.o [52]
  .text                  ro code     0x1'b1d0     0x254  fsl_str.o [51]
  .text                  ro code     0x1'b424      0x4c  fsl_log.o [51]
  .text                  ro code     0x1'b470     0x5bc  fsl_flash.o [2]
  .text                  ro code     0x1'ba2c       0xc  XXexit.o [56]
  .text                  ro code     0x1'ba38     0x168  AtCmdFrame.o [52]
  .text                  ro code     0x1'bba0       0x4  delaop_0.o [54]
  .text                  ro code     0x1'bba4       0x4  newaop_0.o [54]
  .text                  ro code     0x1'bba8       0x4  delop4_0.o [54]
  .text                  ro code     0x1'bbac       0x4  FrameHandler.o [52]
  .text                  ro code     0x1'bbb0      0x2c  xgetmemchunk.o [53]
  .text                  ro code     0x1'bbdc      0x38  fsl_io.o [51]
  .text                  ro code     0x1'bc14       0xa  delop_0.o [54]
  .text                  ro code     0x1'bc1e       0x4  heaptramp0.o [53]
  .rodata                const       0x1'bc24      0x7c  LTC4015_main.o [24]
  .rodata                const       0x1'bca0     0x420  pow64.o [55]
  .rodata                const       0x1'c0c0     0x2f4  fsl_uart.o [2]
  .text                  ro code     0x1'c3b4     0x1f0  lz77_init.o [56]
  .rodata                const       0x1'c5a4     0x158  fsl_i2c.o [2]
  .rodata                const       0x1'c6fc     0x128  usr_flash.o [16]
  .rodata                const       0x1'c824     0x11c  APIProcessing.o [5]
  .rodata                const       0x1'c940     0x10c  APIProcessing.o [5]
  .rodata                const       0x1'ca4c      0xec  ZigbeeAPIMode.o [11]
  .rodata                const       0x1'cb38      0xe0  APIProcessing.o [5]
  .rodata                const       0x1'cc18      0xd4  XBeeZB.o [52]
  .text                  ro code     0x1'ccec      0xc8  fsl_dspi.o [2]
  .rodata                const       0x1'cdb4      0xb4  APIProcessing.o [5]
  .rodata                const       0x1'ce68      0xac  APIProcessing.o [5]
  .rodata                const       0x1'cf14      0xa8  fsl_adc16.o [2]
  .rodata                const       0x1'cfbc      0xa8  fsl_lptmr.o [2]
  .rodata                const       0x1'd064      0xa8  FrameBuffer.o [52]
  .rodata                const       0x1'd10c      0xa4  APIProcessing.o [5]
  .rodata                const       0x1'd1b0      0xa0  fsl_dspi.o [2]
  .rodata                const       0x1'd250      0xa0  fsl_gpio.o [2]
  .rodata                const       0x1'd2f0      0xa0  fsl_vref.o [2]
  .rodata                const       0x1'd390      0xa0  ApiFrame.o [52]
  .rodata                const       0x1'd430      0xa0  AtCmdFrame.o [52]
  .rodata                const       0x1'd4d0      0x9c  APIProcessing.o [5]
  .rodata                const       0x1'd56c      0x9c  EventLoggerFlash.o [18]
  .rodata                const       0x1'd608      0x9c  ZigbeeAPI.o [52]
  .rodata                const       0x1'd6a4      0x98  LTC4015_main.o [24]
  .rodata                const       0x1'd73c      0x98  XBee.o [52]
  .rodata                const       0x1'd7d4      0x94  APIProcessing.o [5]
  .rodata                const       0x1'd868      0x8c  EventLoggerFlash.o [18]
  .rodata                const       0x1'd8f4      0x88  APIProcessing.o [5]
  .rodata                const       0x1'd97c      0x80  APIProcessing.o [5]
  .rodata                const       0x1'd9fc      0x70  APIProcessing.o [5]
  .rodata                const       0x1'da6c      0x70  APIProcessing.o [5]
  .rodata                const       0x1'dadc      0x70  APIProcessing.o [5]
  .rodata                const       0x1'db4c      0x70  APIProcessing.o [5]
  .rodata                const       0x1'dbbc      0x70  RobotMain.o [3]
  .rodata                const       0x1'dc2c      0x6c  adc.o [4]
  .rodata                const       0x1'dc98      0x6c  fsl_log.o [51]
  .rodata                const       0x1'dd04      0x6c  LPTimer.o [32]
  .rodata                const       0x1'dd70      0x6c  pin_mux.o [1]
  .rodata                const       0x1'dddc      0x68  fsl_clock.o [2]
  .rodata                const       0x1'de44      0x64  fsl_ftm.o [2]
  .rodata                const       0x1'dea8      0x64  fsl_rtc.o [2]
  .rodata                const       0x1'df0c      0x64  fsl_wdog.o [2]
  .rodata                const       0x1'df70      0x64  XBeeZB.o [52]
  .rodata                const       0x1'dfd4      0x60  ZigbeeAPI.o [52]
  .rodata                const       0x1'e034      0x5c  Mot1CurrentFault.o [44]
  .rodata                const       0x1'e090      0x5c  Mot2CurrentFault.o [44]
  .rodata                const       0x1'e0ec      0x5c  Mot3CurrentFault.o [44]
  .rodata                const       0x1'e148      0x58  APIProcessing.o [5]
  .rodata                const       0x1'e1a0      0x58  RobotControl.o [38]
  .rodata                const       0x1'e1f8      0x50  iar_Stoulx.o [53]
  .rodata                const       0x1'e248      0x50  iar_Stoullx.o [53]
  .rodata                const       0x1'e298      0x4c  APIProcessing.o [5]
  .rodata                const       0x1'e2e4      0x4c  APIProcessing.o [5]
  .rodata                const       0x1'e330      0x48  APIProcessing.o [5]
  .rodata                const       0x1'e378      0x48  ZigbeeAPIMode.o [11]
  .rodata                const       0x1'e3c0      0x48  XBee.o [52]
  .rodata                const       0x1'e408      0x48  XBeeZB.o [52]
  .rodata                const       0x1'e450      0x48  strto64.o [55]
  .rodata                const       0x1'e498      0x44  APIProcessing.o [5]
  .rodata                const       0x1'e4dc      0x44  XBeeZB.o [52]
  .text                  ro code     0x1'e520      0x44  putchar.o [53]
  .rodata                const       0x1'e564      0x3c  ZigbeeAPIMode.o [11]
  .rodata                const       0x1'e5a0      0x38  ZigbeeAPI.o [52]
  .text                  ro code     0x1'e5d8      0x38  zero_init3.o [56]
  .rodata                const       0x1'e610      0x34  APIProcessing.o [5]
  .rodata                const       0x1'e644      0x34  APIProcessing.o [5]
  .rodata                const       0x1'e678      0x30  APIProcessing.o [5]
  .rodata                const       0x1'e6a8      0x30  APIProcessing.o [5]
  .rodata                const       0x1'e6d8      0x30  json.o [9]
  .rodata                const       0x1'e708      0x30  SDcardoperation.o [46]
  .rodata                const       0x1'e738      0x30  XBee.o [52]
  .rodata                const       0x1'e768      0x30  XBee.o [52]
  .rodata                const       0x1'e798      0x30  XBeeZB.o [52]
  .rodata                const       0x1'e7c8      0x30  XBeeZB.o [52]
  .rodata                const       0x1'e7f8      0x2c  FaultProcess.o [43]
  .rodata                const       0x1'e824      0x2c  fsl_assert.o [51]
  .rodata                const       0x1'e850      0x2c  LTC4015_main.o [24]
  .rodata                const       0x1'e87c      0x2c  XBee.o [52]
  .rodata                const       0x1'e8a8      0x28  EventLoggerFlash.o [18]
  .rodata                const       0x1'e8d0      0x28  RobotMain.o [3]
  .rodata                const       0x1'e8f8      0x28  XBee.o [52]
  .rodata                const       0x1'e920      0x28  XBeeZB.o [52]
  .text                  ro code     0x1'e948      0x28  startup_MK22FA12.o [50]
  .text                  ro code     0x1'e970      0x28  system_MK22FA12.o [50]
  .text                  ro code     0x1'e998      0x28  data_init.o [56]
  .rodata                const       0x1'e9c0      0x24  APIProcessing.o [5]
  .rodata                const       0x1'e9e4      0x24  APIProcessing.o [5]
  .rodata                const       0x1'ea08      0x24  APIProcessing.o [5]
  .rodata                const       0x1'ea2c      0x24  APIProcessing.o [5]
  .rodata                const       0x1'ea50      0x24  APIProcessing.o [5]
  .rodata                const       0x1'ea74      0x24  BrushControl.o [39]
  .rodata                const       0x1'ea98      0x24  FaultProcess.o [43]
  .rodata                const       0x1'eabc      0x24  XBeeZB.o [52]
  .rodata                const       0x1'eae0      0x24  AtCommands.o [52]
  .text                  ro code     0x1'eb04      0x22  fpinit_M.o [55]
  .iar.init_table        const       0x1'eb28      0x38  - Linker created -
  .text                  ro code     0x1'eb60      0x20  cmain_call_ctors.o [56]
  .text                  ro code     0x1'eb80      0x1e  cmain.o [56]
  .text                  ro code     0x1'eb9e       0x4  exit.o [53]
  .text                  ro code     0x1'eba4       0xe  cexit.o [56]
  .text                  ro code     0x1'ebb4      0x1c  cstartup_M.o [56]
  .text                  ro code     0x1'ebd0      0x16  xprout.o [53]
  .rodata                const       0x1'ebe8      0x14  DigiLogger.o [52]
  .rodata                const       0x1'ebfc      0x14  DigiLoggerSerial.o [52]
  .rodata                const       0x1'ec10      0x14  FH_RxPacketZB.o [52]
  .text                  ro code     0x1'ec24       0x8  startup_MK22FA12.o [50]
  .text                  ro code     0x1'ec2c       0x8  startup_MK22FA12.o [50]
  .text                  ro code     0x1'ec34       0x8  startup_MK22FA12.o [50]
  .text                  ro code     0x1'ec3c       0x8  startup_MK22FA12.o [50]
  .text                  ro code     0x1'ec44       0x8  startup_MK22FA12.o [50]
  .text                  ro code     0x1'ec4c       0x8  startup_MK22FA12.o [50]
  .text                  ro code     0x1'ec54       0x8  startup_MK22FA12.o [50]
  .text                  ro code     0x1'ec5c       0x8  startup_MK22FA12.o [50]
  .text                  ro code     0x1'ec64       0x8  startup_MK22FA12.o [50]
  .text                  ro code     0x1'ec6c       0x8  startup_MK22FA12.o [50]
  .text                  ro code     0x1'ec74       0x8  startup_MK22FA12.o [50]
  .text                  ro code     0x1'ec7c       0x8  startup_MK22FA12.o [50]
  .text                  ro code     0x1'ec84       0x8  startup_MK22FA12.o [50]
  .text                  ro code     0x1'ec8c       0x8  startup_MK22FA12.o [50]
  .text                  ro code     0x1'ec94       0x8  startup_MK22FA12.o [50]
  .text                  ro code     0x1'ec9c       0x8  startup_MK22FA12.o [50]
  .text                  ro code     0x1'eca4       0x8  startup_MK22FA12.o [50]
  .text                  ro code     0x1'ecac       0x8  startup_MK22FA12.o [50]
  .text                  ro code     0x1'ecb4       0x8  startup_MK22FA12.o [50]
  .text                  ro code     0x1'ecbc       0x8  startup_MK22FA12.o [50]
  .text                  ro code     0x1'ecc4       0x8  startup_MK22FA12.o [50]
  .text                  ro code     0x1'eccc       0x8  startup_MK22FA12.o [50]
  .text                  ro code     0x1'ecd4       0x8  startup_MK22FA12.o [50]
  .text                  ro code     0x1'ecdc       0x8  startup_MK22FA12.o [50]
  .text                  ro code     0x1'ece4       0x8  startup_MK22FA12.o [50]
  .text                  ro code     0x1'ecec       0x8  startup_MK22FA12.o [50]
  .text                  ro code     0x1'ecf4       0x8  startup_MK22FA12.o [50]
  .text                  ro code     0x1'ecfc       0x8  startup_MK22FA12.o [50]
  .text                  ro code     0x1'ed04       0x8  startup_MK22FA12.o [50]
  .text                  ro code     0x1'ed0c       0x8  startup_MK22FA12.o [50]
  .text                  ro code     0x1'ed14       0x8  startup_MK22FA12.o [50]
  .text                  ro code     0x1'ed1c       0x8  startup_MK22FA12.o [50]
  .text                  ro code     0x1'ed24       0x8  startup_MK22FA12.o [50]
  .text                  ro code     0x1'ed2c       0x8  startup_MK22FA12.o [50]
  .text                  ro code     0x1'ed34       0x8  startup_MK22FA12.o [50]
  .text                  ro code     0x1'ed3c       0x8  startup_MK22FA12.o [50]
  .text                  ro code     0x1'ed44       0x8  startup_MK22FA12.o [50]
  .text                  ro code     0x1'ed4c       0x8  startup_MK22FA12.o [50]
  .text                  ro code     0x1'ed54       0x8  startup_MK22FA12.o [50]
  .text                  ro code     0x1'ed5c       0x8  startup_MK22FA12.o [50]
  .text                  ro code     0x1'ed64       0x8  startup_MK22FA12.o [50]
  SHT$$PREINIT_ARRAY                 0x1'ed6c       0x0  <Block>
  SHT$$INIT_ARRAY                    0x1'ed6c       0x8  <Block>
    .init_array          const       0x1'ed6c       0x4  ZigbeeAPI.o [52]
    .init_array          const       0x1'ed70       0x4  XBee.o [52]
  __iar_tls$$INIT_ARRAY              0x1'ed74       0x0  <Block>
  .text                  ro code     0x1'ed74       0x4  startup_MK22FA12.o [50]
  .text                  ro code     0x1'ed78       0x0  cstart_call_dtors.o [56]
  .rodata                const       0x1'ed78       0x0  zero_init3.o [56]
  .rodata                const       0x1'ed78       0x0  lz77_init.o [56]
  Initializer bytes      const       0x1'ed78     0x46e  <for P3 s0>
                                   - 0x1'f1e6  0x1'edd6

"P3", part 1 of 5:                                0xb38
  P3 s0                           0x1fff'0000     0xb38  <Init block>
    .data                inited   0x1fff'0000     0x500  APIProcessing.o [5]
    .data                inited   0x1fff'0500     0x268  SDcardoperation.o [46]
    .data                inited   0x1fff'0768      0x6c  APIProcessing.o [5]
    .data                inited   0x1fff'07d4      0x5c  usr_flash.o [16]
    .data                inited   0x1fff'0830      0x54  Led1.o [21]
    .data                inited   0x1fff'0884      0x54  Led3.o [23]
    .data                inited   0x1fff'08d8      0x48  xlocale_c.o [53]
    .data                inited   0x1fff'0920      0x48  xfiles.o [53]
    .data                inited   0x1fff'0968      0x44  Led2.o [22]
    .data                inited   0x1fff'09ac      0x44  RobotControl.o [38]
    .data                inited   0x1fff'09f0      0x38  xlocale_c.o [53]
    .data                inited   0x1fff'0a28      0x28  BrushControl.o [39]
    .data                inited   0x1fff'0a50      0x24  adc.o [4]
    .data                inited   0x1fff'0a74      0x24  ZigbeeAPIMode.o [11]
    .data                inited   0x1fff'0a98      0x1c  RobotOperation.o [40]
    .data                inited   0x1fff'0ab4       0xc  BrushMotorControl.o [25]
    .data                inited   0x1fff'0ac0      0x18  ZigbeeUart.o [12]
    .data                inited   0x1fff'0ad8      0x10  EventLoggerFlash.o [18]
    .data                inited   0x1fff'0ae8      0x10  fsl_clock.o [2]
    .data                inited   0x1fff'0af8       0xc  Motor1Control.o [27]
    .data                inited   0x1fff'0b04       0xc  Motor2Control.o [29]
    .data                inited   0x1fff'0b10       0xc  RobotMain.o [3]
    .data                inited   0x1fff'0b1c       0x8  Led2.o [22]
    .data                inited   0x1fff'0b24       0x8  Relay.o [37]
    .data                inited   0x1fff'0b2c       0x4  system_MK22FA12.o [50]
    .data                inited   0x1fff'0b30       0x2  diskio.o [46]
    .data                inited   0x1fff'0b32       0x2  Rtc.o [36]
    .data                inited   0x1fff'0b34       0x1  CommCommon.o [6]
    .data                inited   0x1fff'0b35       0x1  EdgeSenseCommon.o [17]
    .data                inited   0x1fff'0b36       0x1  RobotOperation.o [40]
    .data                inited   0x1fff'0b37       0x1  RotateSenseCommon.o [45]
                                - 0x1fff'0b38     0xb38

"P3", part 2 of 5:                               0xce8c
  .bss                   zero     0x1fff'0b38    0x4e28  SDcardoperation.o [46]
  .bss                   zero     0x1fff'5960    0x2914  ConfigUart.o [7]
  .bss                   zero     0x1fff'8274    0x27a4  APIProcessing.o [5]
  .bss                   zero     0x1fff'aa18    0x2710  ConfigAPIProcess.o [8]
  .bss                   zero     0x1fff'd128     0x89c  APIProcessing.o [5]
                                - 0x1fff'd9c4    0xce8c

"P3", part 3 of 5:                               0x21a4
  .iar.dynexit                    0x1fff'd9c4     0x1a4  <Block>
    .iar.dynexit         uninit   0x1fff'd9c4       0xc  cppinit.o [53]
    .iar.dynexit         uninit   0x1fff'd9d0     0x198  <Block tail>
  CSTACK                          0x1fff'db68    0x2000  <Block>
    CSTACK               uninit   0x1fff'db68    0x2000  <Block tail>
                                - 0x1fff'fb68    0x21a4

"P3", part 4 of 5:                               0x20f4
  .bss                   zero     0x2000'0000     0x7e0  DebugUart.o [10]
  .bss                   zero     0x2000'07e0     0x460  RobotOperation.o [40]
  .bss                   zero     0x2000'0c40     0x3f8  ZigbeeUart.o [12]
  .bss                   zero     0x2000'1038     0x204  RobotMain.o [3]
  .bss                   zero     0x2000'123c     0x1d8  dlmalloc.o [53]
  .bss                   zero     0x2000'1414     0x180  APIProcessing.o [5]
  .bss                   zero     0x2000'1594     0x140  EventLogger.o [18]
  .bss                   zero     0x2000'16d4      0xd0  DigiLogger.o [52]
  .bss                   zero     0x2000'17a4      0xc8  APIProcessing.o [5]
  .bss                   zero     0x2000'186c      0x8c  FaultProcess.o [43]
  .bss                   zero     0x2000'18f8      0x8c  fsl_flash.o [2]
  .bss                   zero     0x2000'1984      0x6c  APIProcessing.o [5]
  .bss                   zero     0x2000'19f0      0x34  serial_debug.o [13]
  .bss                   zero     0x2000'1a28      0x60  ZigbeeAPI.o [52]
  .bss                   zero     0x2000'1a88      0x58  ZigbeeAPIMode.o [11]
  .bss                   zero     0x2000'1ae0      0x50  xfiles.o [53]
  .bss                   zero     0x2000'1b30      0x48  APIProcessing.o [5]
  .bss                   zero     0x2000'1b78      0x40  AutoSchedule.o [41]
  .bss                   zero     0x2000'1bb8      0x38  bat_i2c.o [24]
  .bss                   zero     0x2000'1bf0      0x38  MotCurrentFaultCommon.o [44]
  .bss                   zero     0x2000'1c28      0x2c  adc.o [4]
  .bss                   zero     0x2000'1c54      0x2c  i2c_init.o [19]
  .bss                   zero     0x2000'1c80      0x2c  RobotControl.o [38]
  .bss                   zero     0x2000'1cac      0x2c  RobotControl.o [38]
  .bss                   zero     0x2000'1cd8      0x2c  XBee.o [52]
  .bss                   zero     0x2000'1d04      0x24  APIProcessing.o [5]
  .bss                   zero     0x2000'1d28      0x24  APIProcessing.o [5]
  .bss                   zero     0x2000'1d4c      0x24  CycleMode.o [42]
  .bss                   zero     0x2000'1d70      0x24  CycleMode.o [42]
  .bss                   zero     0x2000'1d94      0x24  DefaultValues.o [15]
  .bss                   zero     0x2000'1db8      0x24  RobotOperation.o [40]
  .bss                   zero     0x2000'1ddc      0x24  RobotOperation.o [40]
  .bss                   zero     0x2000'1e00      0x20  MotCurrentFaultCommon.o [44]
  .bss                   zero     0x2000'1e20      0x1c  CommCommon.o [6]
  .bss                   zero     0x2000'1e3c      0x1c  fsl_uart.o [2]
  .bss                   zero     0x2000'1e58      0x1c  RobotControl.o [38]
  .bss                   zero     0x2000'1e74      0x1c  RobotControl.o [38]
  .bss                   zero     0x2000'1e90      0x1c  ZigbeeAPIHAL.o [52]
  .bss                   zero     0x2000'1eac      0x18  LTC4015_main.o [24]
  .bss                   zero     0x2000'1ec4      0x18  dlmalloc.o [53]
  .bss                   zero     0x2000'1edc      0x14  APIProcessing.o [5]
  .bss                   zero     0x2000'1ef0      0x14  BrushControl.o [39]
  .bss                   zero     0x2000'1f04      0x14  fsl_i2c.o [2]
  .bss                   zero     0x2000'1f18      0x14  LTC4015.o [24]
  .bss                   zero     0x2000'1f2c      0x14  RotateSense1.o [45]
  .bss                   zero     0x2000'1f40      0x10  AutoSchedule.o [41]
  .bss                   zero     0x2000'1f50      0x10  BrushControl.o [39]
  .bss                   zero     0x2000'1f60      0x10  BrushControl.o [39]
  .bss                   zero     0x2000'1f70      0x10  Mot1CurrentFault.o [44]
  .bss                   zero     0x2000'1f80      0x10  Mot2CurrentFault.o [44]
  .bss                   zero     0x2000'1f90      0x10  Mot3CurrentFault.o [44]
  .bss                   zero     0x2000'1fa0      0x10  MotCurrentFaultCommon.o [44]
  .bss                   zero     0x2000'1fb0      0x10  RotateSense2.o [45]
  .bss                   zero     0x2000'1fc0       0xc  fsl_dspi.o [2]
  .bss                   zero     0x2000'1fcc       0xc  fsl_dspi.o [2]
  .bss                   zero     0x2000'1fd8       0xc  MotCurrentFaultCommon.o [44]
  .bss                   zero     0x2000'1fe4       0xc  MotCurrentFaultCommon.o [44]
  .bss                   zero     0x2000'1ff0       0xc  SDcardoperation.o [46]
  .bss                   zero     0x2000'1ffc       0xc  SDcardoperation.o [46]
  .bss                   zero     0x2000'2008       0xc  SDcardoperation.o [46]
  .bss                   zero     0x2000'2014       0x4  APIProcessing.o [5]
  .bss                   zero     0x2000'2018       0x8  APIProcessing.o [5]
  .bss                   zero     0x2000'2020       0x8  delay.o [14]
  .bss                   zero     0x2000'2028       0x8  EdgeSense1.o [17]
  .bss                   zero     0x2000'2030       0x8  EdgeSense2.o [17]
  .bss                   zero     0x2000'2038       0x8  FaultProcess.o [43]
  .bss                   zero     0x2000'2040       0x8  ff.o [46]
  .bss                   zero     0x2000'2048       0x8  fsl_flash.o [2]
  .bss                   zero     0x2000'2050       0x8  fsl_io.o [51]
  .bss                   zero     0x2000'2058       0x8  Led1.o [21]
  .bss                   zero     0x2000'2060       0x8  Led3.o [23]
  .bss                   zero     0x2000'2068       0x8  LPTimer.o [32]
  .bss                   zero     0x2000'2070       0x8  MotCurrentFaultCommon.o [44]
  .bss                   zero     0x2000'2078       0x8  RobotControl.o [38]
  .bss                   zero     0x2000'2080       0x8  SDcardoperation.o [46]
  .bss                   zero     0x2000'2088       0x8  temp_sensors.o [49]
  .bss                   zero     0x2000'2090       0x6  spi.o [47]
  .bss                   zero     0x2000'2096       0x2  APIProcessing.o [5]
  .bss                   zero     0x2000'2098       0x4  APIProcessing.o [5]
  .bss                   zero     0x2000'209c       0x4  APIProcessing.o [5]
  .bss                   zero     0x2000'20a0       0x4  eeprom.o [16]
  .bss                   zero     0x2000'20a4       0x4  eepromStore.o [16]
  .bss                   zero     0x2000'20a8       0x4  eepromStore.o [16]
  .bss                   zero     0x2000'20ac       0x4  i2c_init.o [19]
  .bss                   zero     0x2000'20b0       0x4  MotCurrentFaultCommon.o [44]
  .bss                   zero     0x2000'20b4       0x4  MotCurrentFaultCommon.o [44]
  .bss                   zero     0x2000'20b8       0x4  MotCurrentFaultCommon.o [44]
  .bss                   zero     0x2000'20bc       0x4  RobotMain.o [3]
  .bss                   zero     0x2000'20c0       0x4  store_soc.o [24]
  .bss                   zero     0x2000'20c4       0x4  WDTimer.o [34]
  .bss                   zero     0x2000'20c8       0x4  Timer.o [52]
  .bss                   zero     0x2000'20cc       0x4  cppinit.o [53]
  .bss                   zero     0x2000'20d0       0x4  cppinit.o [53]
  .bss                   zero     0x2000'20d4       0x4  new.o [54]
  .bss                   zero     0x2000'20d8       0x4  xfail_s.o [53]
  .bss                   zero     0x2000'20dc       0x4  xgetmemchunk.o [53]
  .bss                   zero     0x2000'20e0       0x2  APIProcessing.o [5]
  .bss                   zero     0x2000'20e2       0x2  BrushPwm.o [26]
  .bss                   zero     0x2000'20e4       0x2  EventLogger.o [18]
  .bss                   zero     0x2000'20e6       0x2  Pwm1.o [28]
  .bss                   zero     0x2000'20e8       0x2  Pwm2.o [30]
  .bss                   zero     0x2000'20ea       0x1  AutoSchedule.o [41]
  .bss                   zero     0x2000'20eb       0x1  BrushMotorControl_hal.o [25]
  .bss                   zero     0x2000'20ec       0x1  CycleMode.o [42]
  .bss                   zero     0x2000'20ed       0x1  CycleMode.o [42]
  .bss                   zero     0x2000'20ee       0x1  Motor1Control_hal.o [27]
  .bss                   zero     0x2000'20ef       0x1  Motor2Control_hal.o [29]
  .bss                   zero     0x2000'20f0       0x1  RobotOperation.o [40]
  .bss                   zero     0x2000'20f1       0x1  Rtc.o [36]
  .bss                   zero     0x2000'20f2       0x1  switch.o [48]
  .bss                   zero     0x2000'20f3       0x1  ApiFrame.o [52]
                                - 0x2000'20f4    0x20f4

"P3", part 5 of 5:                               0x4000
  HEAP                            0x2000'20f8    0x4000  <Block>
    HEAP                 uninit   0x2000'20f8    0x4000  <Block tail>
                                - 0x2000'60f8    0x4000

Unused ranges:

         From           To      Size
         ----           --      ----
     0x1'f1e6     0xf'ffff  0xe'0e1a
  0x1fff'fb68  0x1fff'ffff     0x498
  0x2000'20f4  0x2000'20f7       0x4
  0x2000'60f8  0x2000'ffff    0x9f08


*******************************************************************************
*** INIT TABLE
***

          Address      Size
          -------      ----
Zero (__iar_zero_init3)
    2 destination ranges, total size 0xef80:
          0x1fff'0b38  0xce8c
          0x2000'0000  0x20f4

Copy/lz77 (__iar_lz77_init3)
    1 source range, total size 0x46e (39% of destination):
             0x1'ed78   0x46e
    1 destination range, total size 0xb38:
          0x1fff'0000   0xb38

Extra (__iar_cstart_call_ctors)



*******************************************************************************
*** MODULE SUMMARY
***

    Module                    ro code  ro data  rw data
    ------                    -------  -------  -------
command line/config:
    ---------------------------------------------------
    Total:

F:\Projects\2022\GANGES_PHASE3\Final\CODE\READ_SD_CARD(31.10.2022)\SC_31.10.2022\iar\release\obj\board: [1]
    clock_config.o                124
    pin_mux.o                     546      108
    ---------------------------------------------------
    Total:                        670      108

F:\Projects\2022\GANGES_PHASE3\Final\CODE\READ_SD_CARD(31.10.2022)\SC_31.10.2022\iar\release\obj\drivers: [2]
    fsl_adc16.o                   588      168
    fsl_clock.o                 1'440      110       16
    fsl_dspi.o                    200      160       24
    fsl_flash.o                 1'468               148
    fsl_ftm.o                   1'392      100
    fsl_gpio.o                    196      160
    fsl_i2c.o                   1'564      344       20
    fsl_lptmr.o                   220      168
    fsl_rtc.o                     936      100
    fsl_uart.o                  1'068      756       28
    fsl_vref.o                    188      160
    fsl_wdog.o                    228      100
    ---------------------------------------------------
    Total:                      9'488    2'326      236

F:\Projects\2022\GANGES_PHASE3\Final\CODE\READ_SD_CARD(31.10.2022)\SC_31.10.2022\iar\release\obj\source: [3]
    RobotMain.o                 1'060      156      532
    ---------------------------------------------------
    Total:                      1'060      156      532

F:\Projects\2022\GANGES_PHASE3\Final\CODE\READ_SD_CARD(31.10.2022)\SC_31.10.2022\iar\release\obj\source\ADC: [4]
    adc.o                       1'036      122       80
    ---------------------------------------------------
    Total:                      1'036      122       80

F:\Projects\2022\GANGES_PHASE3\Final\CODE\READ_SD_CARD(31.10.2022)\SC_31.10.2022\iar\release\obj\source\API Processing: [5]
    APIProcessing.o            27'832    3'616   14'620
    ValuesValidate.o              368
    ---------------------------------------------------
    Total:                     28'200    3'616   14'620

F:\Projects\2022\GANGES_PHASE3\Final\CODE\READ_SD_CARD(31.10.2022)\SC_31.10.2022\iar\release\obj\source\Communication: [6]
    CommCommon.o                  280                29
    ---------------------------------------------------
    Total:                        280                29

F:\Projects\2022\GANGES_PHASE3\Final\CODE\READ_SD_CARD(31.10.2022)\SC_31.10.2022\iar\release\obj\source\Communication\ConfigUart: [7]
    ConfigUart.o                  552            10'516
    ---------------------------------------------------
    Total:                        552            10'516

F:\Projects\2022\GANGES_PHASE3\Final\CODE\READ_SD_CARD(31.10.2022)\SC_31.10.2022\iar\release\obj\source\Communication\ConfigUart\ConfigUart API Process: [8]
    ConfigAPIProcess.o            712            10'000
    ---------------------------------------------------
    Total:                        712            10'000

F:\Projects\2022\GANGES_PHASE3\Final\CODE\READ_SD_CARD(31.10.2022)\SC_31.10.2022\iar\release\obj\source\Communication\ConfigUart\ConfigUart API Process\JSON Parser: [9]
    fun_json.o                    868
    json.o                        544       48
    ---------------------------------------------------
    Total:                      1'412       48

F:\Projects\2022\GANGES_PHASE3\Final\CODE\READ_SD_CARD(31.10.2022)\SC_31.10.2022\iar\release\obj\source\Communication\DebugUart: [10]
    DebugUart.o                   464             2'016
    ---------------------------------------------------
    Total:                        464             2'016

F:\Projects\2022\GANGES_PHASE3\Final\CODE\READ_SD_CARD(31.10.2022)\SC_31.10.2022\iar\release\obj\source\Communication\ZigbeeAPIMode: [11]
    ZigbeeAPIMode.o             1'548      382      124
    ---------------------------------------------------
    Total:                      1'548      382      124

F:\Projects\2022\GANGES_PHASE3\Final\CODE\READ_SD_CARD(31.10.2022)\SC_31.10.2022\iar\release\obj\source\Communication\ZigbeeUart: [12]
    ZigbeeUart.o                  614       10    1'040
    ---------------------------------------------------
    Total:                        614       10    1'040

F:\Projects\2022\GANGES_PHASE3\Final\CODE\READ_SD_CARD(31.10.2022)\SC_31.10.2022\iar\release\obj\source\DEBUG: [13]
    serial_debug.o                 98                52
    ---------------------------------------------------
    Total:                         98                52

F:\Projects\2022\GANGES_PHASE3\Final\CODE\READ_SD_CARD(31.10.2022)\SC_31.10.2022\iar\release\obj\source\DELAY: [14]
    delay.o                        64                 8
    ---------------------------------------------------
    Total:                         64                 8

F:\Projects\2022\GANGES_PHASE3\Final\CODE\READ_SD_CARD(31.10.2022)\SC_31.10.2022\iar\release\obj\source\DefaultValues: [15]
    DefaultValues.o               904                36
    ---------------------------------------------------
    Total:                        904                36

F:\Projects\2022\GANGES_PHASE3\Final\CODE\READ_SD_CARD(31.10.2022)\SC_31.10.2022\iar\release\obj\source\EEPROM: [16]
    EepromMain.o                  488
    eeprom.o                      860                 4
    eepromStdtoHalDriver.o         64
    eepromStore.o               5'868                 8
    usr_flash.o                   700      332       92
    ---------------------------------------------------
    Total:                      7'980      332      104

F:\Projects\2022\GANGES_PHASE3\Final\CODE\READ_SD_CARD(31.10.2022)\SC_31.10.2022\iar\release\obj\source\EdgeSensor: [17]
    EdgeSense1.o                  186                 8
    EdgeSense2.o                  186                 8
    EdgeSenseCommon.o             114        1        1
    ---------------------------------------------------
    Total:                        486        1       17

F:\Projects\2022\GANGES_PHASE3\Final\CODE\READ_SD_CARD(31.10.2022)\SC_31.10.2022\iar\release\obj\source\EventLogger: [18]
    EventLogger.o                 440               322
    EventLoggerFlash.o            884      342       16
    ---------------------------------------------------
    Total:                      1'324      342      338

F:\Projects\2022\GANGES_PHASE3\Final\CODE\READ_SD_CARD(31.10.2022)\SC_31.10.2022\iar\release\obj\source\I2C: [19]
    i2c_init.o                    336                48
    ---------------------------------------------------
    Total:                        336                48

F:\Projects\2022\GANGES_PHASE3\Final\CODE\READ_SD_CARD(31.10.2022)\SC_31.10.2022\iar\release\obj\source\LED: [20]
    LedCommon.o                    54
    ---------------------------------------------------
    Total:                         54

F:\Projects\2022\GANGES_PHASE3\Final\CODE\READ_SD_CARD(31.10.2022)\SC_31.10.2022\iar\release\obj\source\LED\LED1: [21]
    Led1.o                        438       33       92
    ---------------------------------------------------
    Total:                        438       33       92

F:\Projects\2022\GANGES_PHASE3\Final\CODE\READ_SD_CARD(31.10.2022)\SC_31.10.2022\iar\release\obj\source\LED\LED2: [22]
    Led2.o                        450       31       76
    ---------------------------------------------------
    Total:                        450       31       76

F:\Projects\2022\GANGES_PHASE3\Final\CODE\READ_SD_CARD(31.10.2022)\SC_31.10.2022\iar\release\obj\source\LED\LED3: [23]
    Led3.o                        478       33       92
    ---------------------------------------------------
    Total:                        478       33       92

F:\Projects\2022\GANGES_PHASE3\Final\CODE\READ_SD_CARD(31.10.2022)\SC_31.10.2022\iar\release\obj\source\LTC4015: [24]
    LTC4015.o                     204                20
    LTC4015_main.o              2'764      320       24
    bat_i2c.o                     706                56
    store_soc.o                   256                 4
    ---------------------------------------------------
    Total:                      3'930      320      104

F:\Projects\2022\GANGES_PHASE3\Final\CODE\READ_SD_CARD(31.10.2022)\SC_31.10.2022\iar\release\obj\source\MotorControl\BrushMotor: [25]
    BrushMotorControl.o           304        5       12
    BrushMotorControl_hal.o       214                 1
    ---------------------------------------------------
    Total:                        518        5       13

F:\Projects\2022\GANGES_PHASE3\Final\CODE\READ_SD_CARD(31.10.2022)\SC_31.10.2022\iar\release\obj\source\MotorControl\BrushMotor\BrushPwm: [26]
    BrushPwm.o                    396                 2
    ---------------------------------------------------
    Total:                        396                 2

F:\Projects\2022\GANGES_PHASE3\Final\CODE\READ_SD_CARD(31.10.2022)\SC_31.10.2022\iar\release\obj\source\MotorControl\Motor1: [27]
    Motor1Control.o               320        5       12
    Motor1Control_hal.o           214                 1
    ---------------------------------------------------
    Total:                        534        5       13

F:\Projects\2022\GANGES_PHASE3\Final\CODE\READ_SD_CARD(31.10.2022)\SC_31.10.2022\iar\release\obj\source\MotorControl\Motor1\Pwm1: [28]
    Pwm1.o                        384                 2
    ---------------------------------------------------
    Total:                        384                 2

F:\Projects\2022\GANGES_PHASE3\Final\CODE\READ_SD_CARD(31.10.2022)\SC_31.10.2022\iar\release\obj\source\MotorControl\Motor2: [29]
    Motor2Control.o               320        5       12
    Motor2Control_hal.o           234                 1
    ---------------------------------------------------
    Total:                        554        5       13

F:\Projects\2022\GANGES_PHASE3\Final\CODE\READ_SD_CARD(31.10.2022)\SC_31.10.2022\iar\release\obj\source\MotorControl\Motor2\Pwm2: [30]
    Pwm2.o                        380                 2
    ---------------------------------------------------
    Total:                        380                 2

F:\Projects\2022\GANGES_PHASE3\Final\CODE\READ_SD_CARD(31.10.2022)\SC_31.10.2022\iar\release\obj\source\OTHER: [31]
    NumStrConversion.o            816
    ---------------------------------------------------
    Total:                        816

F:\Projects\2022\GANGES_PHASE3\Final\CODE\READ_SD_CARD(31.10.2022)\SC_31.10.2022\iar\release\obj\source\OTHER\LPTimer: [32]
    LPTimer.o                     236      108        8
    ---------------------------------------------------
    Total:                        236      108        8

F:\Projects\2022\GANGES_PHASE3\Final\CODE\READ_SD_CARD(31.10.2022)\SC_31.10.2022\iar\release\obj\source\OTHER\VBatREG: [33]
    VBatReg.o                      16
    ---------------------------------------------------
    Total:                         16

F:\Projects\2022\GANGES_PHASE3\Final\CODE\READ_SD_CARD(31.10.2022)\SC_31.10.2022\iar\release\obj\source\OTHER\WDTimer: [34]
    WDTimer.o                     164                 4
    ---------------------------------------------------
    Total:                        164                 4

F:\Projects\2022\GANGES_PHASE3\Final\CODE\READ_SD_CARD(31.10.2022)\SC_31.10.2022\iar\release\obj\source\PortInterrupt: [35]
    PortInterrupt.o               132
    ---------------------------------------------------
    Total:                        132

F:\Projects\2022\GANGES_PHASE3\Final\CODE\READ_SD_CARD(31.10.2022)\SC_31.10.2022\iar\release\obj\source\RTC: [36]
    Rtc.o                         820        1        3
    ---------------------------------------------------
    Total:                        820        1        3

F:\Projects\2022\GANGES_PHASE3\Final\CODE\READ_SD_CARD(31.10.2022)\SC_31.10.2022\iar\release\obj\source\Relay: [37]
    Relay.o                       306        3        8
    ---------------------------------------------------
    Total:                        306        3        8

F:\Projects\2022\GANGES_PHASE3\Final\CODE\READ_SD_CARD(31.10.2022)\SC_31.10.2022\iar\release\obj\source\RobotControl: [38]
    RobotControl.o              3'880      115      220
    ---------------------------------------------------
    Total:                      3'880      115      220

F:\Projects\2022\GANGES_PHASE3\Final\CODE\READ_SD_CARD(31.10.2022)\SC_31.10.2022\iar\release\obj\source\RobotControl\BrushControl: [39]
    BrushControl.o              1'200       52       92
    ---------------------------------------------------
    Total:                      1'200       52       92

F:\Projects\2022\GANGES_PHASE3\Final\CODE\READ_SD_CARD(31.10.2022)\SC_31.10.2022\iar\release\obj\source\RobotOperation: [40]
    RobotOperation.o            1'132       11    1'222
    ---------------------------------------------------
    Total:                      1'132       11    1'222

F:\Projects\2022\GANGES_PHASE3\Final\CODE\READ_SD_CARD(31.10.2022)\SC_31.10.2022\iar\release\obj\source\RobotOperation\AutoSchedule: [41]
    AutoSchedule.o                220                81
    ---------------------------------------------------
    Total:                        220                81

F:\Projects\2022\GANGES_PHASE3\Final\CODE\READ_SD_CARD(31.10.2022)\SC_31.10.2022\iar\release\obj\source\RobotOperation\CycleMode: [42]
    CycleMode.o                   404                74
    ---------------------------------------------------
    Total:                        404                74

F:\Projects\2022\GANGES_PHASE3\Final\CODE\READ_SD_CARD(31.10.2022)\SC_31.10.2022\iar\release\obj\source\RobotOperation\FaultProcess: [43]
    FaultProcess.o              1'688       80      148
    ---------------------------------------------------
    Total:                      1'688       80      148

F:\Projects\2022\GANGES_PHASE3\Final\CODE\READ_SD_CARD(31.10.2022)\SC_31.10.2022\iar\release\obj\source\RobotOperation\FaultProcess\OverCurrentFault: [44]
    Mot1CurrentFault.o            292       92       16
    Mot2CurrentFault.o            288       92       16
    Mot3CurrentFault.o            288       92       16
    MotCurrentFaultCommon.o       216               148
    ---------------------------------------------------
    Total:                      1'084      276      196

F:\Projects\2022\GANGES_PHASE3\Final\CODE\READ_SD_CARD(31.10.2022)\SC_31.10.2022\iar\release\obj\source\RotateSense: [45]
    RotateSense1.o                286                20
    RotateSense2.o                254                16
    RotateSenseCommon.o           106        1        1
    ---------------------------------------------------
    Total:                        646        1       37

F:\Projects\2022\GANGES_PHASE3\Final\CODE\READ_SD_CARD(31.10.2022)\SC_31.10.2022\iar\release\obj\source\SDFAT: [46]
    SDcardoperation.o           3'000      291   20'668
    diskio.o                    1'672        1        2
    ff.o                        4'520                 8
    ---------------------------------------------------
    Total:                      9'192      292   20'678

F:\Projects\2022\GANGES_PHASE3\Final\CODE\READ_SD_CARD(31.10.2022)\SC_31.10.2022\iar\release\obj\source\SPI: [47]
    spi.o                         326                 6
    ---------------------------------------------------
    Total:                        326                 6

F:\Projects\2022\GANGES_PHASE3\Final\CODE\READ_SD_CARD(31.10.2022)\SC_31.10.2022\iar\release\obj\source\SWITCH: [48]
    switch.o                       70                 1
    ---------------------------------------------------
    Total:                         70                 1

F:\Projects\2022\GANGES_PHASE3\Final\CODE\READ_SD_CARD(31.10.2022)\SC_31.10.2022\iar\release\obj\source\TEMP SENSOR: [49]
    temp_sensors.o                 20                 8
    ---------------------------------------------------
    Total:                         20                 8

F:\Projects\2022\GANGES_PHASE3\Final\CODE\READ_SD_CARD(31.10.2022)\SC_31.10.2022\iar\release\obj\startup: [50]
    startup_MK22FA12.o          1'430
    system_MK22FA12.o              40        1        4
    ---------------------------------------------------
    Total:                      1'470        1        4

F:\Projects\2022\GANGES_PHASE3\Final\CODE\READ_SD_CARD(31.10.2022)\SC_31.10.2022\iar\release\obj\utilities: [51]
    fsl_assert.o                   24       44
    fsl_debug_console.o           138
    fsl_io.o                       56                 8
    fsl_log.o                      76      108
    fsl_str.o                     596
    ---------------------------------------------------
    Total:                        890      152        8

XbeeZigbeeAPI.a: [52]
    ApiFrame.o                    284      160        1
    AtCmdFrame.o                  360      160
    AtCommands.o                  398       36
    DigiLogger.o                   78       20      208
    DigiLoggerSerial.o             46       20
    FH_IoDataSampleZB.o             6
    FH_RxPacketZB.o               138       20
    FrameBuffer.o                 428      168
    FrameHandler.o                  4
    RadioConfig.o                 200
    RawSerial.o                    14
    RemoteXBee.o                   38
    Timer.o                       100                 4
    Utils.o                        72
    XBee.o                      2'320      408       44
    XBeeZB.o                    1'148      624
    ZigbeeAPI.o                   728      312       96
    ZigbeeAPIHAL.o                140                28
    ZigbeeApi_serial_debug.o       22
    ZigbeeFrames.o                106
    ---------------------------------------------------
    Total:                      6'630    1'928      381

dl7M_tlf.a: [53]
    abort.o                         6
    cppinit.o                     160                20
    dlmalloc.o                  5'332               496
    exit.o                          4
    heaptramp0.o                    4
    iar_Stoflt.o                  440
    iar_Stolx.o                   144
    iar_Stopfx.o                  290
    iar_Stoullx.o                 434       80
    iar_Stoulx.o                  332       80
    iar_Stoxflt.o                 520
    isalpha.o                      20
    isspace.o                      20
    printf.o                       40
    putchar.o                      68
    snprintf.o                     68
    strcat.o                       30
    strncmp.o                      40
    strstr.o                       44
    tolower.o                      20
    vsnprint.o                     60
    xfail_s.o                      64                 4
    xfiles.o                                28      152
    xgetmemchunk.o                 44                 4
    xlocale_c.o                    76       56      128
    xprintfsmall_nomb.o         1'281
    xprout.o                       22
    xsnprout.o                     26
    ---------------------------------------------------
    Total:                      9'589      244      804

dlpprt7M_tl_fc.a: [54]
    cxxabi.o                       10
    delaop_0.o                      4
    delop4_0.o                      4
    delop_0.o                      10
    new.o                                             4
    newaop_0.o                      4
    newop_0.o                      36
    nomemory.o                      4
    ---------------------------------------------------
    Total:                         72                 4

m7M_tls.a: [55]
    DblAddSub.o                   606
    DblCmpEq.o                     32
    DblCmpGe.o                     52
    DblCmpLe.o                     52
    DblDiv.o                      582
    DblMul.o                      426
    DblToFlt.o                    104
    DblToS32.o                     54
    FltToDbl.o                     72
    S32ToDbl.o                     34
    U32ToDbl.o                     28
    U64ToFlt.o                     72
    fpinit_M.o                     34
    frexp.o                       112
    frexpf.o                       72
    iar_Exp64.o                   724
    ldexp.o                       314
    ldexpf.o                      196
    math_wrappers64.o              30
    pow64.o                     1'604    1'056
    round.o                        98
    strto32.o                     628
    strto64.o                     860       72
    ---------------------------------------------------
    Total:                      6'786    1'128

rt7M_tl.a: [56]
    ABImemclr.o                     6
    ABImemclr4.o                    6
    ABImemcpy.o                   166
    ABImemset.o                   102
    ABImemset48.o                  50
    I64DivMod.o                   560
    I64DivZer.o                     2
    XXexit.o                       12
    cexit.o                        14
    cmain.o                        30
    cmain_call_ctors.o             32
    cstart_call_dtors.o
    cstartup_M.o                   28
    data_init.o                    40
    lz77_init.o                   496
    memchr.o                       88
    strchr.o                       22
    strcmp.o                       18
    strcpy.o                       24
    strlen.o                       54
    strncpy.o                     112
    zero_init3.o                   56
    ---------------------------------------------------
    Total:                      1'918

    Gaps                           82        6        4
    Linker created                          56   24'984
-------------------------------------------------------
    Grand Total:              115'133   12'329   89'180


*******************************************************************************
*** ENTRY LIST
***

Entry                       Address    Size  Type      Object
-----                       -------    ----  ----      ------
.iar.dynexit$$Base      0x1fff'd9c4           --   Gb  - Linker created -
.iar.dynexit$$Limit     0x1fff'db68           --   Gb  - Linker created -
.iar.init_table$$Base      0x1'eb28           --   Gb  - Linker created -
.iar.init_table$$Limit     0x1'eb60           --   Gb  - Linker created -
?main                      0x1'eb81          Code  Gb  cmain.o [56]
ADC0SampleValue         0x2000'1c40     0x4  Data  Lc  adc.o [4]
ADC0_IRQHandler              0xd37b    0x18  Code  Gb  adc.o [4]
ADC16_DoAutoCalibration
                           0x1'3ca1    0xbe  Code  Gb  fsl_adc16.o [2]
ADC16_GetChannelConversionValue
                             0xd355    0x26  Code  Lc  adc.o [4]
ADC16_GetDefaultConfig     0x1'3c6d    0x34  Code  Gb  fsl_adc16.o [2]
ADC16_GetInstance          0x1'3ba1    0x28  Code  Lc  fsl_adc16.o [2]
ADC16_Init                 0x1'3bc9    0xa4  Code  Gb  fsl_adc16.o [2]
ADC16_SetChannelConfig     0x1'3d61    0x4e  Code  Gb  fsl_adc16.o [2]
ADC1SampleValue         0x2000'1c44     0x4  Data  Lc  adc.o [4]
ADC1_IRQHandler              0xd393    0x14  Code  Gb  adc.o [4]
ADCChannelGroup         0x1fff'0a50    0x24  Data  Gb  adc.o [4]
ADCChannelStart              0xd437    0x3c  Code  Gb  adc.o [4]
ADCInit                      0xd3ad    0x8a  Code  Gb  adc.o [4]
Accel_pulse_count       0x2000'156c    0x14  Data  Gb  APIProcessing.o [5]
Accel_remaining_distance
                        0x1fff'07b8     0x4  Data  Gb  APIProcessing.o [5]
Accel_speed             0x2000'1478     0x4  Data  Gb  APIProcessing.o [5]
Accel_speed_pulse       0x1fff'079c     0x4  Data  Gb  APIProcessing.o [5]
AcelrotateCount         0x2000'1f34     0x4  Data  Lc  RotateSense1.o [45]
[...]
ndigs                      0x1'e248    0x28  Data  Lc  iar_Stoullx.o [53]
neg                     0x1fff'0798     0x4  Data  Gb  APIProcessing.o [5]
negdistance             0x2000'1448     0x4  Data  Gb  APIProcessing.o [5]
negdistance_int         0x2000'1470     0x4  Data  Gb  APIProcessing.o [5]
nextTargetDirection     0x1fff'0a3f     0x1  Data  Lc  BrushControl.o [39]
nextTargetDirection     0x1fff'09b1     0x1  Data  Lc  RobotControl.o [38]
next_abi_dtor_rec       0x2000'20cc     0x4  Data  Lc  cppinit.o [53]
noOfSetBlink            0x1fff'0870     0x1  Data  Lc  Led1.o [21]
noOfSetBlink            0x1fff'0998     0x1  Data  Lc  Led2.o [22]
noOfSetBlink            0x1fff'08c4     0x1  Data  Lc  Led3.o [23]
normalModePwmParam      0x2000'1f50    0x10  Data  Lc  BrushControl.o [39]
obuf                    0x2000'1ae0    0x50  Data  Lc  xfiles.o [53]
only_once               0x2000'203b     0x1  Data  Gb  FaultProcess.o [43]
operationMode           0x1fff'0a98     0x1  Data  Lc  RobotOperation.o [40]
operator delete (void *)
                           0x1'bc15     0xa  Code  Gb  delop_0.o [54]
operator delete (void *, unsigned int)
                           0x1'bba9     0x4  Code  Gb  delop4_0.o [54]
operator delete[] (void *)
                           0x1'bba1     0x4  Code  Gb  delaop_0.o [54]
operator new (unsigned int)
                           0x1'8305    0x24  Code  Gb  newop_0.o [54]
operator new[] (unsigned int)
                           0x1'bba5     0x4  Code  Gb  newaop_0.o [54]
oscConfig_BOARD_BootClockRUN
                           0x1'53c8     0x8  Data  Gb  clock_config.o [1]
pauseDelayTimeOver      0x1fff'0a9a     0x1  Data  Lc  RobotOperation.o [40]
pauseDelay_timecount    0x1fff'0aa8     0x4  Data  Lc  RobotOperation.o [40]
pauseState              0x1fff'0a9c     0x1  Data  Lc  RobotOperation.o [40]
pflashBlockBase         0x1fff'07e8     0x4  Data  Gb  usr_flash.o [16]
pflashSectorSize        0x1fff'07f0     0x4  Data  Gb  usr_flash.o [16]
pflashTotalSize         0x1fff'07ec     0x4  Data  Gb  usr_flash.o [16]
pos                     0x1fff'0794     0x4  Data  Gb  APIProcessing.o [5]
posdistance             0x2000'1444     0x4  Data  Gb  APIProcessing.o [5]
posdistance_int         0x2000'146c     0x4  Data  Gb  APIProcessing.o [5]
pow                        0x1'27ad   0x644  Code  Gb  pow64.o [55]
powl                       0x1'27ad   0x644  Code  Gb  pow64.o [55]
pows                         0xad9c    0x18  Data  Lc  strto32.o [55]
pows                       0x1'e450    0x48  Data  Lc  strto64.o [55]
presentJsonCommandParams
                        0x2000'2014     0x4  Data  Lc  APIProcessing.o [5]
prevCycleModeState      0x1fff'0a9e     0x1  Data  Gb  RobotOperation.o [40]
prevPauseState          0x1fff'0aa0     0x1  Data  Gb  RobotOperation.o [40]
prevRobotCommand        0x1fff'0a9d     0x1  Data  Gb  RobotOperation.o [40]
prevRotateSense1Count   0x1fff'0aac     0x4  Data  Gb  RobotOperation.o [40]
prevRotateSense2Count   0x1fff'0ab0     0x4  Data  Gb  RobotOperation.o [40]
prevSOCPercent          0x2000'1eb8     0x4  Data  Lc  LTC4015_main.o [24]
prev_rotateCount        0x2000'1f3c     0x4  Data  Gb  RotateSense1.o [45]
printf                     0x1'01ed    0x28  Code  Gb  printf.o [53]
pulse_flag              0x2000'145c     0x4  Data  Gb  APIProcessing.o [5]
put_fat                      0xeb67    0xfa  Code  Gb  ff.o [46]
putchar                    0x1'e521    0x44  Code  Gb  putchar.o [53]
pv_arr                  0x1fff'a9b8     0xc  Data  Gb  APIProcessing.o [5]
pwm1Ch1DutyCycle        0x2000'20e2     0x1  Data  Lc  BrushPwm.o [26]
pwm1Ch1DutyCycle        0x2000'20e6     0x1  Data  Lc  Pwm1.o [28]
pwm1Ch2DutyCycle        0x2000'20e3     0x1  Data  Lc  BrushPwm.o [26]
pwm1Ch2DutyCycle        0x2000'20e7     0x1  Data  Lc  Pwm1.o [28]
pwm1ChangeValue         0x1fff'09b8     0x4  Data  Lc  RobotControl.o [38]
pwm2Ch1DutyCycle        0x2000'20e8     0x1  Data  Lc  Pwm2.o [30]
pwm2Ch2DutyCycle        0x2000'20e9     0x1  Data  Lc  Pwm2.o [30]
pwm2ChangeValue         0x1fff'09bc     0x4  Data  Lc  RobotControl.o [38]
pwmChangeValue          0x1fff'0a44     0x4  Data  Lc  BrushControl.o [39]
pwm_ChangeTimeCount     0x1fff'0a4c     0x4  Data  Lc  BrushControl.o [39]
pwm_ChangeTimeCount     0x1fff'09c8     0x4  Data  Lc  RobotControl.o [38]
pxFile                  0x1fff'0764     0x4  Data  Gb  SDcardoperation.o [46]
rcvr_datablock             0x1'4abd    0x4a  Code  Lc  diskio.o [46]
receivedMACAddr         0x2000'2018     0x8  Data  Gb  APIProcessing.o [5]
relayOpState            0x1fff'0b24     0x1  Data  Lc  Relay.o [37]
relayStatus             0x1fff'0b25     0x1  Data  Lc  Relay.o [37]
relayTargetStatus       0x1fff'0b26     0x1  Data  Lc  Relay.o [37]
relayTimeOver           0x1fff'0b27     0x1  Data  Lc  Relay.o [37]
relay_timecount         0x1fff'0b28     0x4  Data  Lc  Relay.o [37]
remove_chain                 0xec61    0x5e  Code  Lc  ff.o [46]
resumeBit               0x2000'20f0     0x1  Data  Gb  RobotOperation.o [40]
rmemcpy(unsigned char *, unsigned char const *, unsigned short)
                           0x1'97e7    0x18  Code  Gb  Utils.o [52]
robotCommand            0x1fff'0a99     0x1  Data  Lc  RobotOperation.o [40]
robotState              0x1fff'09ad     0x1  Data  Lc  RobotControl.o [38]
rotateCount             0x2000'1f30     0x4  Data  Lc  RotateSense1.o [45]
rotateCount             0x2000'1fb4     0x4  Data  Lc  RotateSense2.o [45]
rotateSense1TimeOver    0x2000'1f2c     0x1  Data  Lc  RotateSense1.o [45]
rotateSense1_timecount  0x2000'1f38     0x4  Data  Lc  RotateSense1.o [45]
rotateSense2TimeOver    0x2000'1fb0     0x1  Data  Lc  RotateSense2.o [45]
rotateSense2_timecount  0x2000'1fbc     0x4  Data  Lc  RotateSense2.o [45]
rotatesense_error_code  0x2000'20e1     0x1  Data  Gb  APIProcessing.o [5]
round                      0x1'6b99          Code  Gb  round.o [55]
roundl                     0x1'6b99          Code  Gb  round.o [55]
rowLengthData           0x2000'07e0   0x460  Data  Gb  RobotOperation.o [40]
rtcSecondsUpdatedFlag   0x2000'20f1     0x1  Data  Lc  Rtc.o [36]
rxDataBuffer            0x2000'1048   0x1f4  Data  Gb  RobotMain.o [3]
s_adc16Clocks              0x1'3de4     0x8  Data  Lc  fsl_adc16.o [2]
s_debugConsoleIO        0x2000'2050     0x8  Data  Lc  fsl_io.o [51]
s_dspiMasterIsr         0x2000'1fd0     0x4  Data  Lc  fsl_dspi.o [2]
s_dspiSlaveIsr          0x2000'1fd4     0x4  Data  Lc  fsl_dspi.o [2]
s_dummyData             0x2000'1fcc     0x4  Data  Gb  fsl_dspi.o [2]
s_fastIrcFreq           0x1fff'0aec     0x4  Data  Lc  fsl_clock.o [2]
s_flashCommonBitOperation
                        0x2000'1944    0x40  Data  Lc  fsl_flash.o [2]
s_flashCommonBitOperationFunctionCode
                           0x1'b9f0    0x1c  Data  Lc  fsl_flash.o [2]
s_flashDriver           0x1fff'07f4    0x34  Data  Lc  usr_flash.o [16]
s_flashExecuteInRamFunctionInfo
                        0x2000'18f8     0xc  Data  Lc  fsl_flash.o [2]
s_flashRunCommand       0x2000'1904    0x40  Data  Lc  fsl_flash.o [2]
s_flashRunCommandFunctionCode
                           0x1'b9e4     0xc  Data  Lc  fsl_flash.o [2]
s_ftmClocks                0x1'6b78    0x10  Data  Lc  fsl_ftm.o [2]
s_i2cClocks                0x1'89ac     0xc  Data  Lc  fsl_i2c.o [2]
s_i2cDividerTable          0x1'c5a4    0x80  Data  Lc  fsl_i2c.o [2]
s_i2cHandle             0x2000'1f04     0xc  Data  Lc  fsl_i2c.o [2]
s_i2cIrqs                  0x1'8a38     0x4  Data  Lc  fsl_i2c.o [2]
s_i2cMasterIsr          0x2000'1f10     0x4  Data  Lc  fsl_i2c.o [2]
s_i2cSlaveIsr           0x2000'1f14     0x4  Data  Lc  fsl_i2c.o [2]
s_lptmrClocks              0x1'964c     0x4  Data  Lc  fsl_lptmr.o [2]
s_portBases                0x1'13bc    0x14  Data  Lc  fsl_gpio.o [2]
s_slowIrcFreq           0x1fff'0ae8     0x4  Data  Lc  fsl_clock.o [2]
s_uartClock                0x1'5a68    0x18  Data  Lc  fsl_uart.o [2]
s_uartHandle            0x2000'1e3c    0x18  Data  Lc  fsl_uart.o [2]
s_uartIsr               0x2000'1e54     0x4  Data  Lc  fsl_uart.o [2]
s_vrefClocks               0x1'3b9c     0x4  Data  Lc  fsl_vref.o [2]
scalbln                    0x1'6f6d          Code  Gb  ldexp.o [55]
scalblnf                   0x1'1a01          Code  Gb  ldexpf.o [55]
scalblnl                   0x1'6f6d          Code  Gb  ldexp.o [55]
scalbn                     0x1'6f6d          Code  Gb  ldexp.o [55]
scalbnf                    0x1'1a01          Code  Gb  ldexpf.o [55]
scalbnl                    0x1'6f6d          Code  Gb  ldexp.o [55]
scheduleTime            0x2000'1b78    0x40  Data  Lc  AutoSchedule.o [41]
schedule_BYTE           0x2000'1414     0x1  Data  Gb  APIProcessing.o [5]
schedule_int            0x2000'1f48     0x4  Data  Gb  AutoSchedule.o [41]
schedule_log            0x2000'1984    0x6c  Data  Gb  APIProcessing.o [5]
schedule_log_21         0x2000'1494    0x6c  Data  Gb  APIProcessing.o [5]
sd_continue_read        0x1fff'0501     0x1  Data  Gb  SDcardoperation.o [46]
sec_hand                0x2000'20d8     0x4  Data  Lc  xfail_s.o [53]
sectorErasing              0x1'8beb    0x58  Code  Gb  usr_flash.o [16]
securityStatus          0x1fff'07e4     0x4  Data  Gb  usr_flash.o [16]
segment_holding            0x1'9ce5    0x1c  Code  Lc  dlmalloc.o [53]
send_cmd                   0x1'4b4f    0xa4  Code  Lc  diskio.o [46]
setBatMinSOC            0x2000'2039     0x1  Data  Lc  FaultProcess.o [43]
simConfig_BOARD_BootClockRUN
                           0x1'53c0     0x8  Data  Gb  clock_config.o [1]
size_pkt                0x1fff'd174     0x4  Data  Gb  APIProcessing.o [5]
slave_address_cmp       0x1fff'd16c     0x4  Data  Gb  APIProcessing.o [5]
slave_arr               0x1fff'd5b8     0xc  Data  Gb  APIProcessing.o [5]
smbalert                0x2000'1eac     0x1  Data  Gb  LTC4015_main.o [24]
snprintf                     0x9b79    0x44  Code  Gb  snprintf.o [53]
spidataread             0x2000'2093     0x1  Data  Gb  spi.o [47]
spidataread1            0x2000'2094     0x1  Data  Gb  spi.o [47]
st_clust                     0xeef1     0x8  Code  Lc  ff.o [46]
startbms                0x1fff'd12c     0x4  Data  Gb  APIProcessing.o [5]
std::_NomemoryNothrow()
                           0x1'9ce1     0x4  Code  Gb  nomemory.o [54]
std::__iar_New_hand     0x2000'20d4     0x4  Data  Gb  new.o [54]
storeTime               0x2000'20c0     0x4  Data  Gb  store_soc.o [24]
storedLastOpStatus      0x2000'1e74    0x1c  Data  Lc  RobotControl.o [38]
strcat                       0xcf55    0x1e  Code  Gb  strcat.o [53]
strchr                     0x1'5119          Code  Gb  strchr.o [56]
strcmp                       0xfbed          Code  Gb  strcmp.o [56]
strcpy                     0x1'49d5          Code  Gb  strcpy.o [56]
strlen                       0xab09          Code  Gb  strlen.o [56]
strncmp                    0x1'90ed    0x28  Code  Gb  strncmp.o [53]
strncpy                      0xfb7d          Code  Gb  strncpy.o [56]
strstr                       0xfb4f    0x2c  Code  Gb  strstr.o [53]
strtof                       0xad95     0x6  Code  Gb  strto32.o [55]
strtol                       0x796d     0x4  Code  Gb  iar_Stolx.o [53]
strtoull                     0xdda9     0x2  Code  Gb  iar_Stoullx.o [53]
sum                     0x2000'2098     0x4  Data  Gb  APIProcessing.o [5]
switchState             0x2000'20f2     0x1  Data  Gb  switch.o [48]
sync_fs                      0xea17    0x6a  Code  Lc  ff.o [46]
sync_window                  0xe995    0x4e  Code  Lc  ff.o [46]
temp_arr1               0x1fff'd1d0   0x3e8  Data  Gb  APIProcessing.o [5]
timePwm                 0x1fff'09e4     0x4  Data  Gb  RobotControl.o [38]
tolower                    0x1'13d1    0x14  Code  Gb  tolower.o [53]
track_no                0x2000'1440     0x2  Data  Gb  APIProcessing.o [5]
txAckBuff               0x2000'17a4    0xc8  Data  Lc  APIProcessing.o [5]
txBuff                  0x1fff'8274  0x2710  Data  Lc  APIProcessing.o [5]
txBuff                  0x1fff'aa18  0x2710  Data  Lc  ConfigAPIProcess.o [8]
uartType                0x1fff'0b34     0x1  Data  Lc  CommCommon.o [6]
uart_arr                0x1fff'd5dc   0x3e8  Data  Gb  APIProcessing.o [5]
validate                     0xf4e1    0x2a  Code  Lc  ff.o [46]
vsnprintf                  0x1'9ca5    0x3c  Code  Gb  vsnprint.o [53]
wait_ready                 0x1'4a91    0x2c  Code  Lc  diskio.o [46]
write_flash                0x1'8c61    0x82  Code  Gb  usr_flash.o [16]
xbee                    0x2000'1a28    0x60  Data  Gb  ZigbeeAPI.o [52]
xmit_datablock             0x1'4b07    0x48  Code  Lc  diskio.o [46]
zigbeeConfigChangeFlag  0x1fff'0a75     0x1  Data  Lc  ZigbeeAPIMode.o [11]
zigbeeConfigValues      0x2000'1a88    0x58  Data  Lc  ZigbeeAPIMode.o [11]
zigbeeInitStatus        0x1fff'0a77     0x1  Data  Lc  ZigbeeAPIMode.o [11]
zigbeeNetworkResetFlag  0x1fff'0a76     0x1  Data  Lc  ZigbeeAPIMode.o [11]
zigbeeRxDataReadInProgress
                        0x1fff'0ac0     0x1  Data  Lc  ZigbeeUart.o [12]
zigbeeUartRx            0x2000'0c40   0x1fc  Data  Lc  ZigbeeUart.o [12]
zigbeeUartRxMacAddress  0x1fff'0ac8     0x8  Data  Lc  ZigbeeUart.o [12]
zigbeeUartTx            0x2000'0e3c   0x1fc  Data  Lc  ZigbeeUart.o [12]


[1] = F:\Projects\2022\GANGES_PHASE3\Final\CODE\READ_SD_CARD(31.10.2022)\SC_31.10.2022\iar\release\obj\board
[2] = F:\Projects\2022\GANGES_PHASE3\Final\CODE\READ_SD_CARD(31.10.2022)\SC_31.10.2022\iar\release\obj\drivers
[3] = F:\Projects\2022\GANGES_PHASE3\Final\CODE\READ_SD_CARD(31.10.2022)\SC_31.10.2022\iar\release\obj\source
[4] = F:\Projects\2022\GANGES_PHASE3\Final\CODE\READ_SD_CARD(31.10.2022)\SC_31.10.2022\iar\release\obj\source\ADC
[5] = F:\Projects\2022\GANGES_PHASE3\Final\CODE\READ_SD_CARD(31.10.2022)\SC_31.10.2022\iar\release\obj\source\API Processing
[6] = F:\Projects\2022\GANGES_PHASE3\Final\CODE\READ_SD_CARD(31.10.2022)\SC_31.10.2022\iar\release\obj\source\Communication
[7] = F:\Projects\2022\GANGES_PHASE3\Final\CODE\READ_SD_CARD(31.10.2022)\SC_31.10.2022\iar\release\obj\source\Communication\ConfigUart
[8] = F:\Projects\2022\GANGES_PHASE3\Final\CODE\READ_SD_CARD(31.10.2022)\SC_31.10.2022\iar\release\obj\source\Communication\ConfigUart\ConfigUart API Process
[9] = F:\Projects\2022\GANGES_PHASE3\Final\CODE\READ_SD_CARD(31.10.2022)\SC_31.10.2022\iar\release\obj\source\Communication\ConfigUart\ConfigUart API Process\JSON Parser
[10] = F:\Projects\2022\GANGES_PHASE3\Final\CODE\READ_SD_CARD(31.10.2022)\SC_31.10.2022\iar\release\obj\source\Communication\DebugUart
[11] = F:\Projects\2022\GANGES_PHASE3\Final\CODE\READ_SD_CARD(31.10.2022)\SC_31.10.2022\iar\release\obj\source\Communication\ZigbeeAPIMode
[12] = F:\Projects\2022\GANGES_PHASE3\Final\CODE\READ_SD_CARD(31.10.2022)\SC_31.10.2022\iar\release\obj\source\Communication\ZigbeeUart
[13] = F:\Projects\2022\GANGES_PHASE3\Final\CODE\READ_SD_CARD(31.10.2022)\SC_31.10.2022\iar\release\obj\source\DEBUG
[14] = F:\Projects\2022\GANGES_PHASE3\Final\CODE\READ_SD_CARD(31.10.2022)\SC_31.10.2022\iar\release\obj\source\DELAY
[15] = F:\Projects\2022\GANGES_PHASE3\Final\CODE\READ_SD_CARD(31.10.2022)\SC_31.10.2022\iar\release\obj\source\DefaultValues
[16] = F:\Projects\2022\GANGES_PHASE3\Final\CODE\READ_SD_CARD(31.10.2022)\SC_31.10.2022\iar\release\obj\source\EEPROM
[17] = F:\Projects\2022\GANGES_PHASE3\Final\CODE\READ_SD_CARD(31.10.2022)\SC_31.10.2022\iar\release\obj\source\EdgeSensor
[18] = F:\Projects\2022\GANGES_PHASE3\Final\CODE\READ_SD_CARD(31.10.2022)\SC_31.10.2022\iar\release\obj\source\EventLogger
[19] = F:\Projects\2022\GANGES_PHASE3\Final\CODE\READ_SD_CARD(31.10.2022)\SC_31.10.2022\iar\release\obj\source\I2C
[20] = F:\Projects\2022\GANGES_PHASE3\Final\CODE\READ_SD_CARD(31.10.2022)\SC_31.10.2022\iar\release\obj\source\LED
[21] = F:\Projects\2022\GANGES_PHASE3\Final\CODE\READ_SD_CARD(31.10.2022)\SC_31.10.2022\iar\release\obj\source\LED\LED1
[22] = F:\Projects\2022\GANGES_PHASE3\Final\CODE\READ_SD_CARD(31.10.2022)\SC_31.10.2022\iar\release\obj\source\LED\LED2
[23] = F:\Projects\2022\GANGES_PHASE3\Final\CODE\READ_SD_CARD(31.10.2022)\SC_31.10.2022\iar\release\obj\source\LED\LED3
[24] = F:\Projects\2022\GANGES_PHASE3\Final\CODE\READ_SD_CARD(31.10.2022)\SC_31.10.2022\iar\release\obj\source\LTC4015
[25] = F:\Projects\2022\GANGES_PHASE3\Final\CODE\READ_SD_CARD(31.10.2022)\SC_31.10.2022\iar\release\obj\source\MotorControl\BrushMotor
[26] = F:\Projects\2022\GANGES_PHASE3\Final\CODE\READ_SD_CARD(31.10.2022)\SC_31.10.2022\iar\release\obj\source\MotorControl\BrushMotor\BrushPwm
[27] = F:\Projects\2022\GANGES_PHASE3\Final\CODE\READ_SD_CARD(31.10.2022)\SC_31.10.2022\iar\release\obj\source\MotorControl\Motor1
[28] = F:\Projects\2022\GANGES_PHASE3\Final\CODE\READ_SD_CARD(31.10.2022)\SC_31.10.2022\iar\release\obj\source\MotorControl\Motor1\Pwm1
[29] = F:\Projects\2022\GANGES_PHASE3\Final\CODE\READ_SD_CARD(31.10.2022)\SC_31.10.2022\iar\release\obj\source\MotorControl\Motor2
[30] = F:\Projects\2022\GANGES_PHASE3\Final\CODE\READ_SD_CARD(31.10.2022)\SC_31.10.2022\iar\release\obj\source\MotorControl\Motor2\Pwm2
[31] = F:\Projects\2022\GANGES_PHASE3\Final\CODE\READ_SD_CARD(31.10.2022)\SC_31.10.2022\iar\release\obj\source\OTHER
[32] = F:\Projects\2022\GANGES_PHASE3\Final\CODE\READ_SD_CARD(31.10.2022)\SC_31.10.2022\iar\release\obj\source\OTHER\LPTimer
[33] = F:\Projects\2022\GANGES_PHASE3\Final\CODE\READ_SD_CARD(31.10.2022)\SC_31.10.2022\iar\release\obj\source\OTHER\VBatREG
[34] = F:\Projects\2022\GANGES_PHASE3\Final\CODE\READ_SD_CARD(31.10.2022)\SC_31.10.2022\iar\release\obj\source\OTHER\WDTimer
[35] = F:\Projects\2022\GANGES_PHASE3\Final\CODE\READ_SD_CARD(31.10.2022)\SC_31.10.2022\iar\release\obj\source\PortInterrupt
[36] = F:\Projects\2022\GANGES_PHASE3\Final\CODE\READ_SD_CARD(31.10.2022)\SC_31.10.2022\iar\release\obj\source\RTC
[37] = F:\Projects\2022\GANGES_PHASE3\Final\CODE\READ_SD_CARD(31.10.2022)\SC_31.10.2022\iar\release\obj\source\Relay
[38] = F:\Projects\2022\GANGES_PHASE3\Final\CODE\READ_SD_CARD(31.10.2022)\SC_31.10.2022\iar\release\obj\source\RobotControl
[39] = F:\Projects\2022\GANGES_PHASE3\Final\CODE\READ_SD_CARD(31.10.2022)\SC_31.10.2022\iar\release\obj\source\RobotControl\BrushControl
[40] = F:\Projects\2022\GANGES_PHASE3\Final\CODE\READ_SD_CARD(31.10.2022)\SC_31.10.2022\iar\release\obj\source\RobotOperation
[41] = F:\Projects\2022\GANGES_PHASE3\Final\CODE\READ_SD_CARD(31.10.2022)\SC_31.10.2022\iar\release\obj\source\RobotOperation\AutoSchedule
[42] = F:\Projects\2022\GANGES_PHASE3\Final\CODE\READ_SD_CARD(31.10.2022)\SC_31.10.2022\iar\release\obj\source\RobotOperation\CycleMode
[43] = F:\Projects\2022\GANGES_PHASE3\Final\CODE\READ_SD_CARD(31.10.2022)\SC_31.10.2022\iar\release\obj\source\RobotOperation\FaultProcess
[44] = F:\Projects\2022\GANGES_PHASE3\Final\CODE\READ_SD_CARD(31.10.2022)\SC_31.10.2022\iar\release\obj\source\RobotOperation\FaultProcess\OverCurrentFault
[45] = F:\Projects\2022\GANGES_PHASE3\Final\CODE\READ_SD_CARD(31.10.2022)\SC_31.10.2022\iar\release\obj\source\RotateSense
[46] = F:\Projects\2022\GANGES_PHASE3\Final\CODE\READ_SD_CARD(31.10.2022)\SC_31.10.2022\iar\release\obj\source\SDFAT
[47] = F:\Projects\2022\GANGES_PHASE3\Final\CODE\READ_SD_CARD(31.10.2022)\SC_31.10.2022\iar\release\obj\source\SPI
[48] = F:\Projects\2022\GANGES_PHASE3\Final\CODE\READ_SD_CARD(31.10.2022)\SC_31.10.2022\iar\release\obj\source\SWITCH
[49] = F:\Projects\2022\GANGES_PHASE3\Final\CODE\READ_SD_CARD(31.10.2022)\SC_31.10.2022\iar\release\obj\source\TEMP SENSOR
[50] = F:\Projects\2022\GANGES_PHASE3\Final\CODE\READ_SD_CARD(31.10.2022)\SC_31.10.2022\iar\release\obj\startup
[51] = F:\Projects\2022\GANGES_PHASE3\Final\CODE\READ_SD_CARD(31.10.2022)\SC_31.10.2022\iar\release\obj\utilities
[52] = XbeeZigbeeAPI.a
[53] = dl7M_tlf.a
[54] = dlpprt7M_tl_fc.a
[55] = m7M_tls.a
[56] = rt7M_tl.a

  115'133 bytes of readonly  code memory
   12'329 bytes of readonly  data memory
   89'180 bytes of readwrite data memory

Errors: none
Warnings: none
